Archive member included to satisfy reference by file (symbol)

c:/program files (x86)/atollic/truestudio for stm32 9.3.0/armtools/bin/../lib/gcc/arm-atollic-eabi/6.3.1/../../../../arm-atollic-eabi/lib/armv7-m\libc_nano.a(lib_a-errno.o)
                              Src\syscalls.o (__errno)
c:/program files (x86)/atollic/truestudio for stm32 9.3.0/armtools/bin/../lib/gcc/arm-atollic-eabi/6.3.1/../../../../arm-atollic-eabi/lib/armv7-m\libc_nano.a(lib_a-impure.o)
                              c:/program files (x86)/atollic/truestudio for stm32 9.3.0/armtools/bin/../lib/gcc/arm-atollic-eabi/6.3.1/../../../../arm-atollic-eabi/lib/armv7-m\libc_nano.a(lib_a-errno.o) (_impure_ptr)
c:/program files (x86)/atollic/truestudio for stm32 9.3.0/armtools/bin/../lib/gcc/arm-atollic-eabi/6.3.1/../../../../arm-atollic-eabi/lib/armv7-m\libc_nano.a(lib_a-init.o)
                              startup\startup_stm32f103xb.o (__libc_init_array)
c:/program files (x86)/atollic/truestudio for stm32 9.3.0/armtools/bin/../lib/gcc/arm-atollic-eabi/6.3.1/../../../../arm-atollic-eabi/lib/armv7-m\libc_nano.a(lib_a-memset.o)
                              Src\main.o (memset)

Allocating common symbols
Common symbol       size              file

_ADC_BrakesValues   0x4               Src\EVMS2.o
hcan                0x28              Src\main.o
uwTick              0x4               Drivers\STM32F1xx_HAL_Driver\Src\stm32f1xx_hal.o
pFlash              0x20              Drivers\STM32F1xx_HAL_Driver\Src\stm32f1xx_hal_flash.o
hadc1               0x30              Src\EVMS2.o
hdma_adc1           0x44              Src\EVMS2.o
huart2              0x40              Src\EVMS2.o

Discarded input sections

 .text          0x00000000        0x0 c:/program files (x86)/atollic/truestudio for stm32 9.3.0/armtools/bin/../lib/gcc/arm-atollic-eabi/6.3.1/armv7-m/crti.o
 .data          0x00000000        0x0 c:/program files (x86)/atollic/truestudio for stm32 9.3.0/armtools/bin/../lib/gcc/arm-atollic-eabi/6.3.1/armv7-m/crti.o
 .bss           0x00000000        0x0 c:/program files (x86)/atollic/truestudio for stm32 9.3.0/armtools/bin/../lib/gcc/arm-atollic-eabi/6.3.1/armv7-m/crti.o
 .data          0x00000000        0x4 c:/program files (x86)/atollic/truestudio for stm32 9.3.0/armtools/bin/../lib/gcc/arm-atollic-eabi/6.3.1/armv7-m/crtbegin.o
 .text          0x00000000        0x0 Drivers\BluePill Drivers\CURT_AFIO\CURT_AFIO_source\AFIO.o
 .data          0x00000000        0x0 Drivers\BluePill Drivers\CURT_AFIO\CURT_AFIO_source\AFIO.o
 .bss           0x00000000        0x0 Drivers\BluePill Drivers\CURT_AFIO\CURT_AFIO_source\AFIO.o
 .text.AFIO_setEXTIConfiguration
                0x00000000       0xf8 Drivers\BluePill Drivers\CURT_AFIO\CURT_AFIO_source\AFIO.o
 .text.AFIO_enableClock
                0x00000000       0x10 Drivers\BluePill Drivers\CURT_AFIO\CURT_AFIO_source\AFIO.o
 .debug_info    0x00000000      0x1bd Drivers\BluePill Drivers\CURT_AFIO\CURT_AFIO_source\AFIO.o
 .debug_abbrev  0x00000000       0xd9 Drivers\BluePill Drivers\CURT_AFIO\CURT_AFIO_source\AFIO.o
 .debug_aranges
                0x00000000       0x28 Drivers\BluePill Drivers\CURT_AFIO\CURT_AFIO_source\AFIO.o
 .debug_ranges  0x00000000       0x18 Drivers\BluePill Drivers\CURT_AFIO\CURT_AFIO_source\AFIO.o
 .debug_line    0x00000000      0x1ba Drivers\BluePill Drivers\CURT_AFIO\CURT_AFIO_source\AFIO.o
 .debug_str     0x00000000      0x327 Drivers\BluePill Drivers\CURT_AFIO\CURT_AFIO_source\AFIO.o
 .comment       0x00000000       0x7d Drivers\BluePill Drivers\CURT_AFIO\CURT_AFIO_source\AFIO.o
 .debug_frame   0x00000000       0x54 Drivers\BluePill Drivers\CURT_AFIO\CURT_AFIO_source\AFIO.o
 .ARM.attributes
                0x00000000       0x33 Drivers\BluePill Drivers\CURT_AFIO\CURT_AFIO_source\AFIO.o
 .text          0x00000000        0x0 Drivers\BluePill Drivers\CURT_CAN\CURT_CAN_sources\CAN_source.o
 .data          0x00000000        0x0 Drivers\BluePill Drivers\CURT_CAN\CURT_CAN_sources\CAN_source.o
 .bss           0x00000000        0x0 Drivers\BluePill Drivers\CURT_CAN\CURT_CAN_sources\CAN_source.o
 .bss.p_CANTxMsg
                0x00000000       0x14 Drivers\BluePill Drivers\CURT_CAN\CURT_CAN_sources\CAN_source.o
 .bss.CAN_RxBuffer
                0x00000000        0x4 Drivers\BluePill Drivers\CURT_CAN\CURT_CAN_sources\CAN_source.o
 .bss.CAN_RxSize
                0x00000000        0x4 Drivers\BluePill Drivers\CURT_CAN\CURT_CAN_sources\CAN_source.o
 .bss.CAN_RxID  0x00000000        0x4 Drivers\BluePill Drivers\CURT_CAN\CURT_CAN_sources\CAN_source.o
 .bss.CAN_transmit_CallbackPtr
                0x00000000        0x4 Drivers\BluePill Drivers\CURT_CAN\CURT_CAN_sources\CAN_source.o
 .bss.CAN_FIFO0_CallbackPtr
                0x00000000        0x4 Drivers\BluePill Drivers\CURT_CAN\CURT_CAN_sources\CAN_source.o
 .bss.CAN_FIFO1_CallbackPtr
                0x00000000        0x4 Drivers\BluePill Drivers\CURT_CAN\CURT_CAN_sources\CAN_source.o
 .bss.CAN_Status_CallbackPtr
[...]
Memory Configuration

Name             Origin             Length             Attributes
RAM              0x20000000         0x00005000         xrw
FLASH            0x08000000         0x00010000         xr
*default*        0x00000000         0xffffffff

Linker script and memory map

LOAD c:/program files (x86)/atollic/truestudio for stm32 9.3.0/armtools/bin/../lib/gcc/arm-atollic-eabi/6.3.1/armv7-m/crti.o
LOAD c:/program files (x86)/atollic/truestudio for stm32 9.3.0/armtools/bin/../lib/gcc/arm-atollic-eabi/6.3.1/armv7-m/crtbegin.o
LOAD Drivers\BluePill Drivers\CURT_AFIO\CURT_AFIO_source\AFIO.o
LOAD Drivers\BluePill Drivers\CURT_CAN\CURT_CAN_sources\CAN_source.o
LOAD Drivers\BluePill Drivers\CURT_GPIO\CURT_GPIO_sources\GPIO_SOURCE.o
LOAD Drivers\BluePill Drivers\CURT_NVIC\CURT_NVIC_sources\NVIC_source.o
LOAD Drivers\BluePill Drivers\CURT_RCC\CURT_RCC_sources\RCC_source.o
LOAD Drivers\STM32F1xx_HAL_Driver\Src\stm32f1xx_hal.o
LOAD Drivers\STM32F1xx_HAL_Driver\Src\stm32f1xx_hal_adc.o
LOAD Drivers\STM32F1xx_HAL_Driver\Src\stm32f1xx_hal_adc_ex.o
LOAD Drivers\STM32F1xx_HAL_Driver\Src\stm32f1xx_hal_can.o
LOAD Drivers\STM32F1xx_HAL_Driver\Src\stm32f1xx_hal_cortex.o
LOAD Drivers\STM32F1xx_HAL_Driver\Src\stm32f1xx_hal_dma.o
LOAD Drivers\STM32F1xx_HAL_Driver\Src\stm32f1xx_hal_exti.o
LOAD Drivers\STM32F1xx_HAL_Driver\Src\stm32f1xx_hal_flash.o
LOAD Drivers\STM32F1xx_HAL_Driver\Src\stm32f1xx_hal_flash_ex.o
LOAD Drivers\STM32F1xx_HAL_Driver\Src\stm32f1xx_hal_gpio.o
LOAD Drivers\STM32F1xx_HAL_Driver\Src\stm32f1xx_hal_gpio_ex.o
LOAD Drivers\STM32F1xx_HAL_Driver\Src\stm32f1xx_hal_pwr.o
LOAD Drivers\STM32F1xx_HAL_Driver\Src\stm32f1xx_hal_rcc.o
LOAD Drivers\STM32F1xx_HAL_Driver\Src\stm32f1xx_hal_rcc_ex.o
LOAD Drivers\STM32F1xx_HAL_Driver\Src\stm32f1xx_hal_tim.o
LOAD Drivers\STM32F1xx_HAL_Driver\Src\stm32f1xx_hal_tim_ex.o
LOAD Drivers\STM32F1xx_HAL_Driver\Src\stm32f1xx_hal_uart.o
LOAD Src\EVMS2.o
LOAD Src\main.o
LOAD Src\stm32f1xx_hal_msp.o
LOAD Src\stm32f1xx_it.o
LOAD Src\syscalls.o
LOAD Src\system_stm32f1xx.o
LOAD startup\startup_stm32f103xb.o
                0x00000080                malloc_getpagesize_P = 0x80
START GROUP
LOAD c:/program files (x86)/atollic/truestudio for stm32 9.3.0/armtools/bin/../lib/gcc/arm-atollic-eabi/6.3.1/../../../../arm-atollic-eabi/lib/armv7-m\libc_nano.a
LOAD c:/program files (x86)/atollic/truestudio for stm32 9.3.0/armtools/bin/../lib/gcc/arm-atollic-eabi/6.3.1/../../../../arm-atollic-eabi/lib/armv7-m\libm.a
END GROUP
START GROUP
LOAD c:/program files (x86)/atollic/truestudio for stm32 9.3.0/armtools/bin/../lib/gcc/arm-atollic-eabi/6.3.1/armv7-m\libgcc.a
LOAD c:/program files (x86)/atollic/truestudio for stm32 9.3.0/armtools/bin/../lib/gcc/arm-atollic-eabi/6.3.1/../../../../arm-atollic-eabi/lib/armv7-m\libc_nano.a
END GROUP
START GROUP
LOAD c:/program files (x86)/atollic/truestudio for stm32 9.3.0/armtools/bin/../lib/gcc/arm-atollic-eabi/6.3.1/armv7-m\libgcc.a
LOAD c:/program files (x86)/atollic/truestudio for stm32 9.3.0/armtools/bin/../lib/gcc/arm-atollic-eabi/6.3.1/../../../../arm-atollic-eabi/lib/armv7-m\libc_nano.a
LOAD c:/program files (x86)/atollic/truestudio for stm32 9.3.0/armtools/bin/../lib/gcc/arm-atollic-eabi/6.3.1/../../../../arm-atollic-eabi/lib/armv7-m\libnosys.a
END GROUP
START GROUP
LOAD c:/program files (x86)/atollic/truestudio for stm32 9.3.0/armtools/bin/../lib/gcc/arm-atollic-eabi/6.3.1/armv7-m\libgcc.a
LOAD c:/program files (x86)/atollic/truestudio for stm32 9.3.0/armtools/bin/../lib/gcc/arm-atollic-eabi/6.3.1/../../../../arm-atollic-eabi/lib/armv7-m\libc_nano.a
LOAD c:/program files (x86)/atollic/truestudio for stm32 9.3.0/armtools/bin/../lib/gcc/arm-atollic-eabi/6.3.1/../../../../arm-atollic-eabi/lib/armv7-m\libnosys.a
END GROUP
LOAD c:/program files (x86)/atollic/truestudio for stm32 9.3.0/armtools/bin/../lib/gcc/arm-atollic-eabi/6.3.1/armv7-m/crtend.o
LOAD c:/program files (x86)/atollic/truestudio for stm32 9.3.0/armtools/bin/../lib/gcc/arm-atollic-eabi/6.3.1/armv7-m/crtn.o
                0x20005000                _estack = 0x20005000
                0x00000200                _Min_Heap_Size = 0x200
                0x00000400                _Min_Stack_Size = 0x400

.isr_vector     0x08000000      0x10c
                0x08000000                . = ALIGN (0x4)
 *(.isr_vector)
 .isr_vector    0x08000000      0x10c startup\startup_stm32f103xb.o
                0x08000000                g_pfnVectors
                0x0800010c                . = ALIGN (0x4)

.text           0x0800010c     0x2820
                0x0800010c                . = ALIGN (0x4)
 *(.text)
 .text          0x0800010c       0x40 c:/program files (x86)/atollic/truestudio for stm32 9.3.0/armtools/bin/../lib/gcc/arm-atollic-eabi/6.3.1/armv7-m/crtbegin.o
 *(.text*)
 .text.CAN_initFilter
                0x0800014c      0x278 Drivers\BluePill Drivers\CURT_CAN\CURT_CAN_sources\CAN_source.o
                0x0800014c                CAN_initFilter
 .text.CAN_receive
                0x080003c4      0x1c4 Drivers\BluePill Drivers\CURT_CAN\CURT_CAN_sources\CAN_source.o
                0x080003c4                CAN_receive
 .text.CAN_formatIdentifierIntoFRx
                0x08000588      0x19c Drivers\BluePill Drivers\CURT_CAN\CURT_CAN_sources\CAN_source.o
                0x08000588                CAN_formatIdentifierIntoFRx
 .text.CAN_appendDeviceToBus
                0x08000724      0x1c8 Drivers\BluePill Drivers\CURT_CAN\CURT_CAN_sources\CAN_source.o
                0x08000724                CAN_appendDeviceToBus
 .text.CAN_receiveMessage
                0x080008ec       0xd0 Drivers\BluePill Drivers\CURT_CAN\CURT_CAN_sources\CAN_source.o
                0x080008ec                CAN_receiveMessage
 .text.HAL_Init
                0x080009bc       0x2c Drivers\STM32F1xx_HAL_Driver\Src\stm32f1xx_hal.o
                0x080009bc                HAL_Init
 .text.HAL_InitTick
                0x080009e8       0x60 Drivers\STM32F1xx_HAL_Driver\Src\stm32f1xx_hal.o
                0x080009e8                HAL_InitTick
 .text.HAL_IncTick
                0x08000a48       0x24 Drivers\STM32F1xx_HAL_Driver\Src\stm32f1xx_hal.o
                0x08000a48                HAL_IncTick
 .text.HAL_GetTick
                0x08000a6c       0x14 Drivers\STM32F1xx_HAL_Driver\Src\stm32f1xx_hal.o
                0x08000a6c                HAL_GetTick
 .text.HAL_ADC_Init
                0x08000a80      0x1b0 Drivers\STM32F1xx_HAL_Driver\Src\stm32f1xx_hal_adc.o
                0x08000a80                HAL_ADC_Init
 .text.ADC_Enable
                0x08000c30       0xa4 Drivers\STM32F1xx_HAL_Driver\Src\stm32f1xx_hal_adc.o
                0x08000c30                ADC_Enable
 .text.ADC_ConversionStop_Disable
                0x08000cd4       0x74 Drivers\STM32F1xx_HAL_Driver\Src\stm32f1xx_hal_adc.o
                0x08000cd4                ADC_ConversionStop_Disable
 .text.HAL_ADCEx_Calibration_Start
                0x08000d48      0x138 Drivers\STM32F1xx_HAL_Driver\Src\stm32f1xx_hal_adc_ex.o
                0x08000d48                HAL_ADCEx_Calibration_Start
 .text.HAL_CAN_Init
                0x08000e80      0x1f4 Drivers\STM32F1xx_HAL_Driver\Src\stm32f1xx_hal_can.o
                0x08000e80                HAL_CAN_Init
 .text.HAL_CAN_Start
                0x08001074       0x88 Drivers\STM32F1xx_HAL_Driver\Src\stm32f1xx_hal_can.o
                0x08001074                HAL_CAN_Start
 .text.__NVIC_SetPriorityGrouping
                0x080010fc       0x48 Drivers\STM32F1xx_HAL_Driver\Src\stm32f1xx_hal_cortex.o
 .text.__NVIC_GetPriorityGrouping
                0x08001144       0x1c Drivers\STM32F1xx_HAL_Driver\Src\stm32f1xx_hal_cortex.o
 .text.__NVIC_SetPriority
                0x08001160       0x54 Drivers\STM32F1xx_HAL_Driver\Src\stm32f1xx_hal_cortex.o
 .text.NVIC_EncodePriority
                0x080011b4       0x60 Drivers\STM32F1xx_HAL_Driver\Src\stm32f1xx_hal_cortex.o
 .text.SysTick_Config
                0x08001214       0x44 Drivers\STM32F1xx_HAL_Driver\Src\stm32f1xx_hal_cortex.o
 .text.HAL_NVIC_SetPriorityGrouping
                0x08001258       0x16 Drivers\STM32F1xx_HAL_Driver\Src\stm32f1xx_hal_cortex.o
                0x08001258                HAL_NVIC_SetPriorityGrouping
 .text.HAL_NVIC_SetPriority
                0x0800126e       0x38 Drivers\STM32F1xx_HAL_Driver\Src\stm32f1xx_hal_cortex.o
                0x0800126e                HAL_NVIC_SetPriority
 .text.HAL_SYSTICK_Config
                0x080012a6       0x18 Drivers\STM32F1xx_HAL_Driver\Src\stm32f1xx_hal_cortex.o
                0x080012a6                HAL_SYSTICK_Config
 *fill*         0x080012be        0x2 
 .text.HAL_GPIO_Init
                0x080012c0      0x2b4 Drivers\STM32F1xx_HAL_Driver\Src\stm32f1xx_hal_gpio.o
                0x080012c0                HAL_GPIO_Init
 .text.HAL_GPIO_WritePin
                0x08001574       0x30 Drivers\STM32F1xx_HAL_Driver\Src\stm32f1xx_hal_gpio.o
                0x08001574                HAL_GPIO_WritePin
 .text.HAL_RCC_OscConfig
                0x080015a4      0x500 Drivers\STM32F1xx_HAL_Driver\Src\stm32f1xx_hal_rcc.o
                0x080015a4                HAL_RCC_OscConfig
 .text.HAL_RCC_ClockConfig
                0x08001aa4      0x1d4 Drivers\STM32F1xx_HAL_Driver\Src\stm32f1xx_hal_rcc.o
                0x08001aa4                HAL_RCC_ClockConfig
 .text.HAL_RCC_GetSysClockFreq
                0x08001c78       0xc4 Drivers\STM32F1xx_HAL_Driver\Src\stm32f1xx_hal_rcc.o
                0x08001c78                HAL_RCC_GetSysClockFreq
 .text.HAL_RCC_GetHCLKFreq
                0x08001d3c       0x14 Drivers\STM32F1xx_HAL_Driver\Src\stm32f1xx_hal_rcc.o
                0x08001d3c                HAL_RCC_GetHCLKFreq
 .text.HAL_RCC_GetPCLK1Freq
                0x08001d50       0x28 Drivers\STM32F1xx_HAL_Driver\Src\stm32f1xx_hal_rcc.o
                0x08001d50                HAL_RCC_GetPCLK1Freq
 .text.HAL_RCC_GetPCLK2Freq
                0x08001d78       0x28 Drivers\STM32F1xx_HAL_Driver\Src\stm32f1xx_hal_rcc.o
                0x08001d78                HAL_RCC_GetPCLK2Freq
 .text.RCC_Delay
                0x08001da0       0x3c Drivers\STM32F1xx_HAL_Driver\Src\stm32f1xx_hal_rcc.o
 .text.HAL_RCCEx_PeriphCLKConfig
                0x08001ddc      0x16c Drivers\STM32F1xx_HAL_Driver\Src\stm32f1xx_hal_rcc_ex.o
                0x08001ddc                HAL_RCCEx_PeriphCLKConfig
 .text.HAL_RCCEx_GetPeriphCLKFreq
                0x08001f48      0x178 Drivers\STM32F1xx_HAL_Driver\Src\stm32f1xx_hal_rcc_ex.o
                0x08001f48                HAL_RCCEx_GetPeriphCLKFreq
 .text.HAL_UART_Init
                0x080020c0       0x9a Drivers\STM32F1xx_HAL_Driver\Src\stm32f1xx_hal_uart.o
                0x080020c0                HAL_UART_Init
 *fill*         0x0800215a        0x2 
 .text.UART_SetConfig
                0x0800215c      0x11c Drivers\STM32F1xx_HAL_Driver\Src\stm32f1xx_hal_uart.o
 .text.main     0x08002278       0x84 Src\main.o
                0x08002278                main
 .text.SystemClock_Config
                0x080022fc       0xb8 Src\main.o
                0x080022fc                SystemClock_Config
 .text.MX_ADC1_Init
                0x080023b4       0x4c Src\main.o
 .text.MX_CAN_Init
                0x08002400       0x6c Src\main.o
 .text.MX_USART2_UART_Init
                0x0800246c       0x54 Src\main.o
 .text.MX_GPIO_Init
                0x080024c0      0x114 Src\main.o
 .text.Error_Handler
                0x080025d4        0xc Src\main.o
                0x080025d4                Error_Handler
 .text.HAL_MspInit
                0x080025e0       0x64 Src\stm32f1xx_hal_msp.o
                0x080025e0                HAL_MspInit
 .text.HAL_ADC_MspInit
                0x08002644       0x78 Src\stm32f1xx_hal_msp.o
                0x08002644                HAL_ADC_MspInit
 .text.HAL_CAN_MspInit
                0x080026bc       0xc0 Src\stm32f1xx_hal_msp.o
                0x080026bc                HAL_CAN_MspInit
 .text.HAL_UART_MspInit
                0x0800277c       0x94 Src\stm32f1xx_hal_msp.o
                0x0800277c                HAL_UART_MspInit
 .text.NMI_Handler
                0x08002810        0xc Src\stm32f1xx_it.o
                0x08002810                NMI_Handler
 .text.HardFault_Handler
                0x0800281c        0x6 Src\stm32f1xx_it.o
                0x0800281c                HardFault_Handler
 .text.MemManage_Handler
                0x08002822        0x6 Src\stm32f1xx_it.o
                0x08002822                MemManage_Handler
 .text.BusFault_Handler
                0x08002828        0x6 Src\stm32f1xx_it.o
                0x08002828                BusFault_Handler
 .text.UsageFault_Handler
                0x0800282e        0x6 Src\stm32f1xx_it.o
                0x0800282e                UsageFault_Handler
 .text.SVC_Handler
                0x08002834        0xc Src\stm32f1xx_it.o
                0x08002834                SVC_Handler
 .text.DebugMon_Handler
                0x08002840        0xc Src\stm32f1xx_it.o
                0x08002840                DebugMon_Handler
 .text.PendSV_Handler
                0x0800284c        0xc Src\stm32f1xx_it.o
                0x0800284c                PendSV_Handler
 .text.SysTick_Handler
                0x08002858        0xc Src\stm32f1xx_it.o
                0x08002858                SysTick_Handler
 .text.SystemInit
                0x08002864        0xc Src\system_stm32f1xx.o
                0x08002864                SystemInit
 .text.Reset_Handler
                0x08002870       0x48 startup\startup_stm32f103xb.o
                0x08002870                Reset_Handler
 .text.Default_Handler
                0x080028b8        0x2 startup\startup_stm32f103xb.o
                0x080028b8                RTC_Alarm_IRQHandler
                0x080028b8                EXTI2_IRQHandler
                0x080028b8                TIM1_CC_IRQHandler
                0x080028b8                PVD_IRQHandler
                0x080028b8                EXTI3_IRQHandler
                0x080028b8                EXTI0_IRQHandler
                0x080028b8                I2C2_EV_IRQHandler
                0x080028b8                ADC1_2_IRQHandler
                0x080028b8                SPI1_IRQHandler
                0x080028b8                TAMPER_IRQHandler
                0x080028b8                DMA1_Channel4_IRQHandler
                0x080028b8                USART3_IRQHandler
                0x080028b8                RTC_IRQHandler
                0x080028b8                DMA1_Channel7_IRQHandler
                0x080028b8                CAN1_RX1_IRQHandler
                0x080028b8                TIM4_IRQHandler
                0x080028b8                I2C1_EV_IRQHandler
                0x080028b8                DMA1_Channel6_IRQHandler
                0x080028b8                TIM3_IRQHandler
                0x080028b8                RCC_IRQHandler
                0x080028b8                TIM1_TRG_COM_IRQHandler
                0x080028b8                DMA1_Channel1_IRQHandler
                0x080028b8                Default_Handler
                0x080028b8                EXTI15_10_IRQHandler
                0x080028b8                EXTI9_5_IRQHandler
                0x080028b8                SPI2_IRQHandler
                0x080028b8                DMA1_Channel5_IRQHandler
                0x080028b8                EXTI4_IRQHandler
                0x080028b8                USB_LP_CAN1_RX0_IRQHandler
                0x080028b8                USB_HP_CAN1_TX_IRQHandler
                0x080028b8                DMA1_Channel3_IRQHandler
                0x080028b8                TIM1_UP_IRQHandler
                0x080028b8                WWDG_IRQHandler
                0x080028b8                TIM2_IRQHandler
                0x080028b8                TIM1_BRK_IRQHandler
                0x080028b8                EXTI1_IRQHandler
                0x080028b8                USART2_IRQHandler
                0x080028b8                I2C2_ER_IRQHandler
                0x080028b8                DMA1_Channel2_IRQHandler
                0x080028b8                CAN1_SCE_IRQHandler
                0x080028b8                FLASH_IRQHandler
                0x080028b8                USART1_IRQHandler
                0x080028b8                I2C1_ER_IRQHandler
                0x080028b8                USBWakeUp_IRQHandler
 *fill*         0x080028ba        0x2 
 .text.__libc_init_array
                0x080028bc       0x48 c:/program files (x86)/atollic/truestudio for stm32 9.3.0/armtools/bin/../lib/gcc/arm-atollic-eabi/6.3.1/../../../../arm-atollic-eabi/lib/armv7-m\libc_nano.a(lib_a-init.o)
                0x080028bc                __libc_init_array
 .text.memset   0x08002904       0x10 c:/program files (x86)/atollic/truestudio for stm32 9.3.0/armtools/bin/../lib/gcc/arm-atollic-eabi/6.3.1/../../../../arm-atollic-eabi/lib/armv7-m\libc_nano.a(lib_a-memset.o)
                0x08002904                memset
 *(.glue_7)
 .glue_7        0x08002914        0x0 linker stubs
 *(.glue_7t)
 .glue_7t       0x08002914        0x0 linker stubs
 *(.eh_frame)
 .eh_frame      0x08002914        0x0 c:/program files (x86)/atollic/truestudio for stm32 9.3.0/armtools/bin/../lib/gcc/arm-atollic-eabi/6.3.1/armv7-m/crtbegin.o
 *(.init)
 .init          0x08002914        0x4 c:/program files (x86)/atollic/truestudio for stm32 9.3.0/armtools/bin/../lib/gcc/arm-atollic-eabi/6.3.1/armv7-m/crti.o
                0x08002914                _init
 .init          0x08002918        0x8 c:/program files (x86)/atollic/truestudio for stm32 9.3.0/armtools/bin/../lib/gcc/arm-atollic-eabi/6.3.1/armv7-m/crtn.o
 *(.fini)
 .fini          0x08002920        0x4 c:/program files (x86)/atollic/truestudio for stm32 9.3.0/armtools/bin/../lib/gcc/arm-atollic-eabi/6.3.1/armv7-m/crti.o
                0x08002920                _fini
 .fini          0x08002924        0x8 c:/program files (x86)/atollic/truestudio for stm32 9.3.0/armtools/bin/../lib/gcc/arm-atollic-eabi/6.3.1/armv7-m/crtn.o
                0x0800292c                . = ALIGN (0x4)
                0x0800292c                _etext = .

.vfp11_veneer   0x0800292c        0x0
 .vfp11_veneer  0x0800292c        0x0 linker stubs

.v4_bx          0x0800292c        0x0
 .v4_bx         0x0800292c        0x0 linker stubs

.iplt           0x0800292c        0x0
 .iplt          0x0800292c        0x0 c:/program files (x86)/atollic/truestudio for stm32 9.3.0/armtools/bin/../lib/gcc/arm-atollic-eabi/6.3.1/armv7-m/crtbegin.o

.rodata         0x0800292c       0x40
                0x0800292c                . = ALIGN (0x4)
 *(.rodata)
 .rodata        0x0800292c       0x12 Drivers\STM32F1xx_HAL_Driver\Src\stm32f1xx_hal_rcc.o
 *fill*         0x0800293e        0x2 
 .rodata        0x08002940       0x12 Drivers\STM32F1xx_HAL_Driver\Src\stm32f1xx_hal_rcc_ex.o
 *(.rodata*)
 *fill*         0x08002952        0x2 
 .rodata.AHBPrescTable
                0x08002954       0x10 Src\system_stm32f1xx.o
                0x08002954                AHBPrescTable
 .rodata.APBPrescTable
                0x08002964        0x8 Src\system_stm32f1xx.o
                0x08002964                APBPrescTable
                0x0800296c                . = ALIGN (0x4)

.rel.dyn        0x0800296c        0x0
 .rel.iplt      0x0800296c        0x0 c:/program files (x86)/atollic/truestudio for stm32 9.3.0/armtools/bin/../lib/gcc/arm-atollic-eabi/6.3.1/armv7-m/crtbegin.o

.ARM.extab
 *(.ARM.extab* .gnu.linkonce.armextab.*)

.ARM            0x0800296c        0x0
                0x0800296c                __exidx_start = .
 *(.ARM.exidx*)
                0x0800296c                __exidx_end = .

.preinit_array  0x0800296c        0x0
                0x0800296c                PROVIDE (__preinit_array_start, .)
 *(.preinit_array*)
                0x0800296c                PROVIDE (__preinit_array_end, .)

.init_array     0x0800296c        0x4
                0x0800296c                PROVIDE (__init_array_start, .)
 *(SORT(.init_array.*))
 *(.init_array*)
 .init_array    0x0800296c        0x4 c:/program files (x86)/atollic/truestudio for stm32 9.3.0/armtools/bin/../lib/gcc/arm-atollic-eabi/6.3.1/armv7-m/crtbegin.o
                0x08002970                PROVIDE (__init_array_end, .)

.fini_array     0x08002970        0x4
                [!provide]                PROVIDE (__fini_array_start, .)
 *(SORT(.fini_array.*))
 *(.fini_array*)
 .fini_array    0x08002970        0x4 c:/program files (x86)/atollic/truestudio for stm32 9.3.0/armtools/bin/../lib/gcc/arm-atollic-eabi/6.3.1/armv7-m/crtbegin.o
                [!provide]                PROVIDE (__fini_array_end, .)
                0x08002974                _sidata = LOADADDR (.data)

.data           0x20000000        0xc load address 0x08002974
                0x20000000                . = ALIGN (0x4)
                0x20000000                _sdata = .
 *(.data)
 *(.data*)
 .data.uwTickPrio
                0x20000000        0x4 Drivers\STM32F1xx_HAL_Driver\Src\stm32f1xx_hal.o
                0x20000000                uwTickPrio
 .data.uwTickFreq
                0x20000004        0x1 Drivers\STM32F1xx_HAL_Driver\Src\stm32f1xx_hal.o
                0x20000004                uwTickFreq
 *fill*         0x20000005        0x3 
 .data.SystemCoreClock
                0x20000008        0x4 Src\system_stm32f1xx.o
                0x20000008                SystemCoreClock
                0x2000000c                . = ALIGN (0x4)
                0x2000000c                _edata = .

.igot.plt       0x2000000c        0x0 load address 0x08002980
 .igot.plt      0x2000000c        0x0 c:/program files (x86)/atollic/truestudio for stm32 9.3.0/armtools/bin/../lib/gcc/arm-atollic-eabi/6.3.1/armv7-m/crtbegin.o
                0x2000000c                . = ALIGN (0x4)

.bss            0x2000000c      0x104 load address 0x08002980
                0x2000000c                _sbss = .
                0x2000000c                __bss_start__ = _sbss
 *(.bss)
 .bss           0x2000000c       0x1c c:/program files (x86)/atollic/truestudio for stm32 9.3.0/armtools/bin/../lib/gcc/arm-atollic-eabi/6.3.1/armv7-m/crtbegin.o
 *(.bss*)
 .bss.CAN_devicesCount
                0x20000028        0x1 Drivers\BluePill Drivers\CURT_CAN\CURT_CAN_sources\CAN_source.o
 *(COMMON)
 *fill*         0x20000029        0x3 
 COMMON         0x2000002c        0x4 Drivers\STM32F1xx_HAL_Driver\Src\stm32f1xx_hal.o
                0x2000002c                uwTick
 COMMON         0x20000030       0xb8 Src\EVMS2.o
                0x20000030                _ADC_BrakesValues
                0x20000034                hadc1
                0x20000064                hdma_adc1
                0x200000a8                huart2
 COMMON         0x200000e8       0x28 Src\main.o
                0x200000e8                hcan
                0x20000110                . = ALIGN (0x4)
                0x20000110                _ebss = .
                0x20000110                __bss_end__ = _ebss

._user_heap_stack
                0x20000110      0x600 load address 0x08002980
                0x20000110                . = ALIGN (0x4)
                0x20000110                PROVIDE (end, .)
                [!provide]                PROVIDE (_end, .)
                0x20000310                . = (. + _Min_Heap_Size)
 *fill*         0x20000110      0x200 
                0x20000710                . = (. + _Min_Stack_Size)
 *fill*         0x20000310      0x400 
                0x20000710                . = ALIGN (0x4)

/DISCARD/
 libc.a(*)
 libm.a(*)
 libgcc.a(*)

.ARM.attributes
                0x00000000       0x29
 *(.ARM.attributes)
 .ARM.attributes
                0x00000000       0x1d c:/program files (x86)/atollic/truestudio for stm32 9.3.0/armtools/bin/../lib/gcc/arm-atollic-eabi/6.3.1/armv7-m/crti.o
 .ARM.attributes
                0x0000001d       0x2d c:/program files (x86)/atollic/truestudio for stm32 9.3.0/armtools/bin/../lib/gcc/arm-atollic-eabi/6.3.1/armv7-m/crtbegin.o
 .ARM.attributes
                0x0000004a       0x33 Drivers\BluePill Drivers\CURT_CAN\CURT_CAN_sources\CAN_source.o
 .ARM.attributes
                0x0000007d       0x33 Drivers\STM32F1xx_HAL_Driver\Src\stm32f1xx_hal.o
 .ARM.attributes
                0x000000b0       0x33 Drivers\STM32F1xx_HAL_Driver\Src\stm32f1xx_hal_adc.o
 .ARM.attributes
                0x000000e3       0x33 Drivers\STM32F1xx_HAL_Driver\Src\stm32f1xx_hal_adc_ex.o
 .ARM.attributes
                0x00000116       0x33 Drivers\STM32F1xx_HAL_Driver\Src\stm32f1xx_hal_can.o
 .ARM.attributes
                0x00000149       0x33 Drivers\STM32F1xx_HAL_Driver\Src\stm32f1xx_hal_cortex.o
 .ARM.attributes
                0x0000017c       0x33 Drivers\STM32F1xx_HAL_Driver\Src\stm32f1xx_hal_gpio.o
 .ARM.attributes
                0x000001af       0x33 Drivers\STM32F1xx_HAL_Driver\Src\stm32f1xx_hal_rcc.o
 .ARM.attributes
                0x000001e2       0x33 Drivers\STM32F1xx_HAL_Driver\Src\stm32f1xx_hal_rcc_ex.o
 .ARM.attributes
                0x00000215       0x33 Drivers\STM32F1xx_HAL_Driver\Src\stm32f1xx_hal_uart.o
 .ARM.attributes
                0x00000248       0x33 Src\EVMS2.o
 .ARM.attributes
                0x0000027b       0x33 Src\main.o
 .ARM.attributes
                0x000002ae       0x33 Src\stm32f1xx_hal_msp.o
 .ARM.attributes
                0x000002e1       0x33 Src\stm32f1xx_it.o
 .ARM.attributes
                0x00000314       0x33 Src\system_stm32f1xx.o
 .ARM.attributes
                0x00000347       0x21 startup\startup_stm32f103xb.o
 .ARM.attributes
                0x00000368       0x2d c:/program files (x86)/atollic/truestudio for stm32 9.3.0/armtools/bin/../lib/gcc/arm-atollic-eabi/6.3.1/../../../../arm-atollic-eabi/lib/armv7-m\libc_nano.a(lib_a-init.o)
 .ARM.attributes
                0x00000395       0x2d c:/program files (x86)/atollic/truestudio for stm32 9.3.0/armtools/bin/../lib/gcc/arm-atollic-eabi/6.3.1/../../../../arm-atollic-eabi/lib/armv7-m\libc_nano.a(lib_a-memset.o)
 .ARM.attributes
                0x000003c2       0x1d c:/program files (x86)/atollic/truestudio for stm32 9.3.0/armtools/bin/../lib/gcc/arm-atollic-eabi/6.3.1/armv7-m/crtn.o
OUTPUT(CURT 2020 SECOND EVMS.elf elf32-littlearm)

.debug_info     0x00000000     0xa30e
 .debug_info    0x00000000     0x1147 Drivers\BluePill Drivers\CURT_CAN\CURT_CAN_sources\CAN_source.o
 .debug_info    0x00001147      0x714 Drivers\STM32F1xx_HAL_Driver\Src\stm32f1xx_hal.o
 .debug_info    0x0000185b      0xc69 Drivers\STM32F1xx_HAL_Driver\Src\stm32f1xx_hal_adc.o
 .debug_info    0x000024c4      0xa03 Drivers\STM32F1xx_HAL_Driver\Src\stm32f1xx_hal_adc_ex.o
 .debug_info    0x00002ec7      0xf9c Drivers\STM32F1xx_HAL_Driver\Src\stm32f1xx_hal_can.o
 .debug_info    0x00003e63      0xb52 Drivers\STM32F1xx_HAL_Driver\Src\stm32f1xx_hal_cortex.o
 .debug_info    0x000049b5      0x69b Drivers\STM32F1xx_HAL_Driver\Src\stm32f1xx_hal_gpio.o
 .debug_info    0x00005050      0x80e Drivers\STM32F1xx_HAL_Driver\Src\stm32f1xx_hal_rcc.o
 .debug_info    0x0000585e      0x443 Drivers\STM32F1xx_HAL_Driver\Src\stm32f1xx_hal_rcc_ex.o
 .debug_info    0x00005ca1     0x1218 Drivers\STM32F1xx_HAL_Driver\Src\stm32f1xx_hal_uart.o
 .debug_info    0x00006eb9      0x9a9 Src\EVMS2.o
 .debug_info    0x00007862     0x103c Src\main.o
 .debug_info    0x0000889e      0xf01 Src\stm32f1xx_hal_msp.o
 .debug_info    0x0000979f      0x847 Src\stm32f1xx_it.o
 .debug_info    0x00009fe6      0x29b Src\system_stm32f1xx.o
 .debug_info    0x0000a281       0x8d startup\startup_stm32f103xb.o

.debug_abbrev   0x00000000     0x1d54
 .debug_abbrev  0x00000000      0x2a8 Drivers\BluePill Drivers\CURT_CAN\CURT_CAN_sources\CAN_source.o
 .debug_abbrev  0x000002a8      0x1c2 Drivers\STM32F1xx_HAL_Driver\Src\stm32f1xx_hal.o
 .debug_abbrev  0x0000046a      0x1d0 Drivers\STM32F1xx_HAL_Driver\Src\stm32f1xx_hal_adc.o
 .debug_abbrev  0x0000063a      0x1f0 Drivers\STM32F1xx_HAL_Driver\Src\stm32f1xx_hal_adc_ex.o
 .debug_abbrev  0x0000082a      0x209 Drivers\STM32F1xx_HAL_Driver\Src\stm32f1xx_hal_can.o
 .debug_abbrev  0x00000a33      0x2d0 Drivers\STM32F1xx_HAL_Driver\Src\stm32f1xx_hal_cortex.o
 .debug_abbrev  0x00000d03      0x1bb Drivers\STM32F1xx_HAL_Driver\Src\stm32f1xx_hal_gpio.o
 .debug_abbrev  0x00000ebe      0x23e Drivers\STM32F1xx_HAL_Driver\Src\stm32f1xx_hal_rcc.o
 .debug_abbrev  0x000010fc      0x170 Drivers\STM32F1xx_HAL_Driver\Src\stm32f1xx_hal_rcc_ex.o
 .debug_abbrev  0x0000126c      0x23d Drivers\STM32F1xx_HAL_Driver\Src\stm32f1xx_hal_uart.o
 .debug_abbrev  0x000014a9      0x1e8 Src\EVMS2.o
 .debug_abbrev  0x00001691      0x223 Src\main.o
 .debug_abbrev  0x000018b4      0x1fb Src\stm32f1xx_hal_msp.o
 .debug_abbrev  0x00001aaf      0x164 Src\stm32f1xx_it.o
 .debug_abbrev  0x00001c13      0x12f Src\system_stm32f1xx.o
 .debug_abbrev  0x00001d42       0x12 startup\startup_stm32f103xb.o

.debug_aranges  0x00000000      0x9e8
 .debug_aranges
                0x00000000       0xc0 Drivers\BluePill Drivers\CURT_CAN\CURT_CAN_sources\CAN_source.o
 .debug_aranges
                0x000000c0       0xe0 Drivers\STM32F1xx_HAL_Driver\Src\stm32f1xx_hal.o
 .debug_aranges
                0x000001a0       0xf0 Drivers\STM32F1xx_HAL_Driver\Src\stm32f1xx_hal_adc.o
 .debug_aranges
                0x00000290       0x80 Drivers\STM32F1xx_HAL_Driver\Src\stm32f1xx_hal_adc_ex.o
 .debug_aranges
                0x00000310      0x138 Drivers\STM32F1xx_HAL_Driver\Src\stm32f1xx_hal_can.o
 .debug_aranges
                0x00000448      0x100 Drivers\STM32F1xx_HAL_Driver\Src\stm32f1xx_hal_cortex.o
 .debug_aranges
                0x00000548       0x58 Drivers\STM32F1xx_HAL_Driver\Src\stm32f1xx_hal_gpio.o
 .debug_aranges
                0x000005a0       0x90 Drivers\STM32F1xx_HAL_Driver\Src\stm32f1xx_hal_rcc.o
 .debug_aranges
                0x00000630       0x30 Drivers\STM32F1xx_HAL_Driver\Src\stm32f1xx_hal_rcc_ex.o
 .debug_aranges
                0x00000660      0x1d0 Drivers\STM32F1xx_HAL_Driver\Src\stm32f1xx_hal_uart.o
 .debug_aranges
                0x00000830       0x68 Src\EVMS2.o
 .debug_aranges
                0x00000898       0x50 Src\main.o
 .debug_aranges
                0x000008e8       0x50 Src\stm32f1xx_hal_msp.o
 .debug_aranges
                0x00000938       0x60 Src\stm32f1xx_it.o
 .debug_aranges
                0x00000998       0x28 Src\system_stm32f1xx.o
 .debug_aranges
                0x000009c0       0x28 startup\startup_stm32f103xb.o

.debug_ranges   0x00000000      0x8f0
 .debug_ranges  0x00000000       0xb0 Drivers\BluePill Drivers\CURT_CAN\CURT_CAN_sources\CAN_source.o
 .debug_ranges  0x000000b0       0xd0 Drivers\STM32F1xx_HAL_Driver\Src\stm32f1xx_hal.o
 .debug_ranges  0x00000180       0xe0 Drivers\STM32F1xx_HAL_Driver\Src\stm32f1xx_hal_adc.o
 .debug_ranges  0x00000260       0x70 Drivers\STM32F1xx_HAL_Driver\Src\stm32f1xx_hal_adc_ex.o
 .debug_ranges  0x000002d0      0x128 Drivers\STM32F1xx_HAL_Driver\Src\stm32f1xx_hal_can.o
 .debug_ranges  0x000003f8       0xf0 Drivers\STM32F1xx_HAL_Driver\Src\stm32f1xx_hal_cortex.o
 .debug_ranges  0x000004e8       0x48 Drivers\STM32F1xx_HAL_Driver\Src\stm32f1xx_hal_gpio.o
 .debug_ranges  0x00000530       0x80 Drivers\STM32F1xx_HAL_Driver\Src\stm32f1xx_hal_rcc.o
 .debug_ranges  0x000005b0       0x20 Drivers\STM32F1xx_HAL_Driver\Src\stm32f1xx_hal_rcc_ex.o
 .debug_ranges  0x000005d0      0x1c0 Drivers\STM32F1xx_HAL_Driver\Src\stm32f1xx_hal_uart.o
 .debug_ranges  0x00000790       0x58 Src\EVMS2.o
 .debug_ranges  0x000007e8       0x40 Src\main.o
 .debug_ranges  0x00000828       0x40 Src\stm32f1xx_hal_msp.o
 .debug_ranges  0x00000868       0x50 Src\stm32f1xx_it.o
 .debug_ranges  0x000008b8       0x18 Src\system_stm32f1xx.o
 .debug_ranges  0x000008d0       0x20 startup\startup_stm32f103xb.o

.debug_line     0x00000000     0x4fe7
 .debug_line    0x00000000      0x88b Drivers\BluePill Drivers\CURT_CAN\CURT_CAN_sources\CAN_source.o
 .debug_line    0x0000088b      0x424 Drivers\STM32F1xx_HAL_Driver\Src\stm32f1xx_hal.o
 .debug_line    0x00000caf      0x7b2 Drivers\STM32F1xx_HAL_Driver\Src\stm32f1xx_hal_adc.o
 .debug_line    0x00001461      0x60f Drivers\STM32F1xx_HAL_Driver\Src\stm32f1xx_hal_adc_ex.o
 .debug_line    0x00001a70      0x726 Drivers\STM32F1xx_HAL_Driver\Src\stm32f1xx_hal_can.o
 .debug_line    0x00002196      0x4f4 Drivers\STM32F1xx_HAL_Driver\Src\stm32f1xx_hal_cortex.o
 .debug_line    0x0000268a      0x438 Drivers\STM32F1xx_HAL_Driver\Src\stm32f1xx_hal_gpio.o
 .debug_line    0x00002ac2      0x53c Drivers\STM32F1xx_HAL_Driver\Src\stm32f1xx_hal_rcc.o
 .debug_line    0x00002ffe      0x32b Drivers\STM32F1xx_HAL_Driver\Src\stm32f1xx_hal_rcc_ex.o
 .debug_line    0x00003329      0xba0 Drivers\STM32F1xx_HAL_Driver\Src\stm32f1xx_hal_uart.o
 .debug_line    0x00003ec9      0x368 Src\EVMS2.o
 .debug_line    0x00004231      0x443 Src\main.o
 .debug_line    0x00004674      0x360 Src\stm32f1xx_hal_msp.o
 .debug_line    0x000049d4      0x332 Src\stm32f1xx_it.o
 .debug_line    0x00004d06      0x264 Src\system_stm32f1xx.o
 .debug_line    0x00004f6a       0x7d startup\startup_stm32f103xb.o

.debug_str      0x00000000     0x3861
 .debug_str     0x00000000      0xf53 Drivers\BluePill Drivers\CURT_CAN\CURT_CAN_sources\CAN_source.o
                                0xfe1 (size before relaxing)
 .debug_str     0x00000f53      0x645 Drivers\STM32F1xx_HAL_Driver\Src\stm32f1xx_hal.o
                                0x842 (size before relaxing)
 .debug_str     0x00001598      0x5e5 Drivers\STM32F1xx_HAL_Driver\Src\stm32f1xx_hal_adc.o
                                0x93c (size before relaxing)
 .debug_str     0x00001b7d      0x2b4 Drivers\STM32F1xx_HAL_Driver\Src\stm32f1xx_hal_adc_ex.o
                                0x8ec (size before relaxing)
 .debug_str     0x00001e31      0x67f Drivers\STM32F1xx_HAL_Driver\Src\stm32f1xx_hal_can.o
                                0xb14 (size before relaxing)
 .debug_str     0x000024b0      0x3d8 Drivers\STM32F1xx_HAL_Driver\Src\stm32f1xx_hal_cortex.o
                                0x9a3 (size before relaxing)
 .debug_str     0x00002888      0x1cf Drivers\STM32F1xx_HAL_Driver\Src\stm32f1xx_hal_gpio.o
                                0x4f4 (size before relaxing)
 .debug_str     0x00002a57      0x31b Drivers\STM32F1xx_HAL_Driver\Src\stm32f1xx_hal_rcc.o
                                0x6af (size before relaxing)
 .debug_str     0x00002d72      0x12b Drivers\STM32F1xx_HAL_Driver\Src\stm32f1xx_hal_rcc_ex.o
                                0x494 (size before relaxing)
 .debug_str     0x00002e9d      0x6fa Drivers\STM32F1xx_HAL_Driver\Src\stm32f1xx_hal_uart.o
                                0xc0d (size before relaxing)
 .debug_str     0x00003597      0x122 Src\EVMS2.o
                                0x87b (size before relaxing)
 .debug_str     0x000036b9       0x9a Src\main.o
                                0xdb6 (size before relaxing)
 .debug_str     0x00003753       0x1b Src\stm32f1xx_hal_msp.o
                                0xaf6 (size before relaxing)
 .debug_str     0x0000376e       0xa6 Src\stm32f1xx_it.o
                                0x7f8 (size before relaxing)
 .debug_str     0x00003814       0x4d Src\system_stm32f1xx.o
                                0x305 (size before relaxing)

.comment        0x00000000       0x7c
 .comment       0x00000000       0x7c Drivers\BluePill Drivers\CURT_CAN\CURT_CAN_sources\CAN_source.o
                                 0x7d (size before relaxing)
 .comment       0x0000007c       0x7d Drivers\STM32F1xx_HAL_Driver\Src\stm32f1xx_hal.o
 .comment       0x0000007c       0x7d Drivers\STM32F1xx_HAL_Driver\Src\stm32f1xx_hal_adc.o
 .comment       0x0000007c       0x7d Drivers\STM32F1xx_HAL_Driver\Src\stm32f1xx_hal_adc_ex.o
 .comment       0x0000007c       0x7d Drivers\STM32F1xx_HAL_Driver\Src\stm32f1xx_hal_can.o
 .comment       0x0000007c       0x7d Drivers\STM32F1xx_HAL_Driver\Src\stm32f1xx_hal_cortex.o
 .comment       0x0000007c       0x7d Drivers\STM32F1xx_HAL_Driver\Src\stm32f1xx_hal_gpio.o
 .comment       0x0000007c       0x7d Drivers\STM32F1xx_HAL_Driver\Src\stm32f1xx_hal_rcc.o
 .comment       0x0000007c       0x7d Drivers\STM32F1xx_HAL_Driver\Src\stm32f1xx_hal_rcc_ex.o
 .comment       0x0000007c       0x7d Drivers\STM32F1xx_HAL_Driver\Src\stm32f1xx_hal_uart.o
 .comment       0x0000007c       0x7d Src\EVMS2.o
 .comment       0x0000007c       0x7d Src\main.o
 .comment       0x0000007c       0x7d Src\stm32f1xx_hal_msp.o
 .comment       0x0000007c       0x7d Src\stm32f1xx_it.o
 .comment       0x0000007c       0x7d Src\system_stm32f1xx.o

.debug_frame    0x00000000     0x2744
 .debug_frame   0x00000000      0x324 Drivers\BluePill Drivers\CURT_CAN\CURT_CAN_sources\CAN_source.o
 .debug_frame   0x00000324      0x334 Drivers\STM32F1xx_HAL_Driver\Src\stm32f1xx_hal.o
 .debug_frame   0x00000658      0x410 Drivers\STM32F1xx_HAL_Driver\Src\stm32f1xx_hal_adc.o
 .debug_frame   0x00000a68      0x208 Drivers\STM32F1xx_HAL_Driver\Src\stm32f1xx_hal_adc_ex.o
 .debug_frame   0x00000c70      0x5a0 Drivers\STM32F1xx_HAL_Driver\Src\stm32f1xx_hal_can.o
 .debug_frame   0x00001210      0x428 Drivers\STM32F1xx_HAL_Driver\Src\stm32f1xx_hal_cortex.o
 .debug_frame   0x00001638      0x14c Drivers\STM32F1xx_HAL_Driver\Src\stm32f1xx_hal_gpio.o
 .debug_frame   0x00001784      0x21c Drivers\STM32F1xx_HAL_Driver\Src\stm32f1xx_hal_rcc.o
 .debug_frame   0x000019a0       0x84 Drivers\STM32F1xx_HAL_Driver\Src\stm32f1xx_hal_rcc_ex.o
 .debug_frame   0x00001a24      0x838 Drivers\STM32F1xx_HAL_Driver\Src\stm32f1xx_hal_uart.o
 .debug_frame   0x0000225c      0x13c Src\EVMS2.o
 .debug_frame   0x00002398       0xec Src\main.o
 .debug_frame   0x00002484      0x110 Src\stm32f1xx_hal_msp.o
 .debug_frame   0x00002594      0x10c Src\stm32f1xx_it.o
 .debug_frame   0x000026a0       0x58 Src\system_stm32f1xx.o
 .debug_frame   0x000026f8       0x2c c:/program files (x86)/atollic/truestudio for stm32 9.3.0/armtools/bin/../lib/gcc/arm-atollic-eabi/6.3.1/../../../../arm-atollic-eabi/lib/armv7-m\libc_nano.a(lib_a-init.o)
 .debug_frame   0x00002724       0x20 c:/program files (x86)/atollic/truestudio for stm32 9.3.0/armtools/bin/../lib/gcc/arm-atollic-eabi/6.3.1/../../../../arm-atollic-eabi/lib/armv7-m\libc_nano.a(lib_a-memset.o)
