../BluePill Drivers/CURT_CAN/CURT_CAN_sources/CAN_source.c:45:6:CAN_init	16	static
../BluePill Drivers/CURT_CAN/CURT_CAN_sources/CAN_source.c:179:6:CAN_setMode	16	static
../BluePill Drivers/CURT_CAN/CURT_CAN_sources/CAN_source.c:221:6:CAN_initFilter	16	static
../BluePill Drivers/CURT_CAN/CURT_CAN_sources/CAN_source.c:334:6:CAN_setSlaveStartBank	16	static
../BluePill Drivers/CURT_CAN/CURT_CAN_sources/CAN_source.c:347:24:CAN_transmit	24	static
../BluePill Drivers/CURT_CAN/CURT_CAN_sources/CAN_source.c:418:6:CAN_receive	24	static
../BluePill Drivers/CURT_CAN/CURT_CAN_sources/CAN_source.c:504:5:CAN_formatIdentifierIntoFRx	32	static
../BluePill Drivers/CURT_CAN/CURT_CAN_sources/CAN_source.c:608:20:CAN_appendDeviceToBus	56	static
../BluePill Drivers/CURT_CAN/CURT_CAN_sources/CAN_source.c:713:20:CAN_removeDeviceFromBus	32	static
../BluePill Drivers/CURT_CAN/CURT_CAN_sources/CAN_source.c:782:20:CAN_sendMessage_Interrupt	32	static
../BluePill Drivers/CURT_CAN/CURT_CAN_sources/CAN_source.c:809:20:CAN_receiveMessage_Interrupt	24	static
../BluePill Drivers/CURT_CAN/CURT_CAN_sources/CAN_source.c:824:20:CAN_sendMessage	56	static
../BluePill Drivers/CURT_CAN/CURT_CAN_sources/CAN_source.c:872:20:CAN_receiveMessage	48	static
../BluePill Drivers/CURT_CAN/CURT_CAN_sources/CAN_source.c:907:20:CAN_attachCallback	16	static
../BluePill Drivers/CURT_CAN/CURT_CAN_sources/CAN_source.c:955:20:CAN_detachCallback	16	static
../BluePill Drivers/CURT_CAN/CURT_CAN_sources/CAN_source.c:1000:20:CAN_activateInterrupt	16	static
../BluePill Drivers/CURT_CAN/CURT_CAN_sources/CAN_source.c:1033:20:CAN_deactivateInterrupt	16	static
../BluePill Drivers/CURT_CAN/CURT_CAN_sources/CAN_source.c:1068:6:USB_HP_CAN_TX_IRQHandler	8	static
../BluePill Drivers/CURT_CAN/CURT_CAN_sources/CAN_source.c:1080:6:USB_LP_CAN_RX0_IRQHandler	32	static
../BluePill Drivers/CURT_CAN/CURT_CAN_sources/CAN_source.c:1101:6:CAN_RX1_IRQHandler	32	static
../BluePill Drivers/CURT_CAN/CURT_CAN_sources/CAN_source.c:1125:6:CAN_SCE_IRQHandler	8	static
