Archive member included to satisfy reference by file (symbol)

C:/ST/STM32CubeIDE_1.10.1/STM32CubeIDE/plugins/com.st.stm32cube.ide.mcu.externaltools.gnu-tools-for-stm32.11.3.rel1.win32_1.1.0.202305231506/tools/bin/../lib/gcc/arm-none-eabi/11.3.1/../../../../arm-none-eabi/lib/thumb/v7-m/nofp\librdimon_nano.a(rdimon-syscalls.o)
                              C:/ST/STM32CubeIDE_1.10.1/STM32CubeIDE/plugins/com.st.stm32cube.ide.mcu.externaltools.gnu-tools-for-stm32.11.3.rel1.win32_1.1.0.202305231506/tools/bin/../lib/gcc/arm-none-eabi/11.3.1/../../../../arm-none-eabi/lib/thumb/v7-m/nofp/rdimon-crt0.o (initialise_monitor_handles)
C:/ST/STM32CubeIDE_1.10.1/STM32CubeIDE/plugins/com.st.stm32cube.ide.mcu.externaltools.gnu-tools-for-stm32.11.3.rel1.win32_1.1.0.202305231506/tools/bin/../lib/gcc/arm-none-eabi/11.3.1/../../../../arm-none-eabi/lib/thumb/v7-m/nofp\libc_nano.a(libc_a-exit.o)
                              C:/ST/STM32CubeIDE_1.10.1/STM32CubeIDE/plugins/com.st.stm32cube.ide.mcu.externaltools.gnu-tools-for-stm32.11.3.rel1.win32_1.1.0.202305231506/tools/bin/../lib/gcc/arm-none-eabi/11.3.1/../../../../arm-none-eabi/lib/thumb/v7-m/nofp/rdimon-crt0.o (exit)
C:/ST/STM32CubeIDE_1.10.1/STM32CubeIDE/plugins/com.st.stm32cube.ide.mcu.externaltools.gnu-tools-for-stm32.11.3.rel1.win32_1.1.0.202305231506/tools/bin/../lib/gcc/arm-none-eabi/11.3.1/../../../../arm-none-eabi/lib/thumb/v7-m/nofp\libc_nano.a(libc_a-findfp.o)
                              C:/ST/STM32CubeIDE_1.10.1/STM32CubeIDE/plugins/com.st.stm32cube.ide.mcu.externaltools.gnu-tools-for-stm32.11.3.rel1.win32_1.1.0.202305231506/tools/bin/../lib/gcc/arm-none-eabi/11.3.1/../../../../arm-none-eabi/lib/thumb/v7-m/nofp\librdimon_nano.a(rdimon-syscalls.o) (__sinit)
C:/ST/STM32CubeIDE_1.10.1/STM32CubeIDE/plugins/com.st.stm32cube.ide.mcu.externaltools.gnu-tools-for-stm32.11.3.rel1.win32_1.1.0.202305231506/tools/bin/../lib/gcc/arm-none-eabi/11.3.1/../../../../arm-none-eabi/lib/thumb/v7-m/nofp\libc_nano.a(libc_a-fwalk.o)
                              C:/ST/STM32CubeIDE_1.10.1/STM32CubeIDE/plugins/com.st.stm32cube.ide.mcu.externaltools.gnu-tools-for-stm32.11.3.rel1.win32_1.1.0.202305231506/tools/bin/../lib/gcc/arm-none-eabi/11.3.1/../../../../arm-none-eabi/lib/thumb/v7-m/nofp\libc_nano.a(libc_a-findfp.o) (_fwalk_sglue)
C:/ST/STM32CubeIDE_1.10.1/STM32CubeIDE/plugins/com.st.stm32cube.ide.mcu.externaltools.gnu-tools-for-stm32.11.3.rel1.win32_1.1.0.202305231506/tools/bin/../lib/gcc/arm-none-eabi/11.3.1/../../../../arm-none-eabi/lib/thumb/v7-m/nofp\libc_nano.a(libc_a-stdio.o)
                              C:/ST/STM32CubeIDE_1.10.1/STM32CubeIDE/plugins/com.st.stm32cube.ide.mcu.externaltools.gnu-tools-for-stm32.11.3.rel1.win32_1.1.0.202305231506/tools/bin/../lib/gcc/arm-none-eabi/11.3.1/../../../../arm-none-eabi/lib/thumb/v7-m/nofp\libc_nano.a(libc_a-findfp.o) (__sread)
C:/ST/STM32CubeIDE_1.10.1/STM32CubeIDE/plugins/com.st.stm32cube.ide.mcu.externaltools.gnu-tools-for-stm32.11.3.rel1.win32_1.1.0.202305231506/tools/bin/../lib/gcc/arm-none-eabi/11.3.1/../../../../arm-none-eabi/lib/thumb/v7-m/nofp\libc_nano.a(libc_a-memset.o)
                              C:/ST/STM32CubeIDE_1.10.1/STM32CubeIDE/plugins/com.st.stm32cube.ide.mcu.externaltools.gnu-tools-for-stm32.11.3.rel1.win32_1.1.0.202305231506/tools/bin/../lib/gcc/arm-none-eabi/11.3.1/../../../../arm-none-eabi/lib/thumb/v7-m/nofp/rdimon-crt0.o (memset)
C:/ST/STM32CubeIDE_1.10.1/STM32CubeIDE/plugins/com.st.stm32cube.ide.mcu.externaltools.gnu-tools-for-stm32.11.3.rel1.win32_1.1.0.202305231506/tools/bin/../lib/gcc/arm-none-eabi/11.3.1/../../../../arm-none-eabi/lib/thumb/v7-m/nofp\libc_nano.a(libc_a-closer.o)
                              C:/ST/STM32CubeIDE_1.10.1/STM32CubeIDE/plugins/com.st.stm32cube.ide.mcu.externaltools.gnu-tools-for-stm32.11.3.rel1.win32_1.1.0.202305231506/tools/bin/../lib/gcc/arm-none-eabi/11.3.1/../../../../arm-none-eabi/lib/thumb/v7-m/nofp\libc_nano.a(libc_a-stdio.o) (_close_r)
C:/ST/STM32CubeIDE_1.10.1/STM32CubeIDE/plugins/com.st.stm32cube.ide.mcu.externaltools.gnu-tools-for-stm32.11.3.rel1.win32_1.1.0.202305231506/tools/bin/../lib/gcc/arm-none-eabi/11.3.1/../../../../arm-none-eabi/lib/thumb/v7-m/nofp\libc_nano.a(libc_a-reent.o)
                              C:/ST/STM32CubeIDE_1.10.1/STM32CubeIDE/plugins/com.st.stm32cube.ide.mcu.externaltools.gnu-tools-for-stm32.11.3.rel1.win32_1.1.0.202305231506/tools/bin/../lib/gcc/arm-none-eabi/11.3.1/../../../../arm-none-eabi/lib/thumb/v7-m/nofp\libc_nano.a(libc_a-closer.o) (errno)
C:/ST/STM32CubeIDE_1.10.1/STM32CubeIDE/plugins/com.st.stm32cube.ide.mcu.externaltools.gnu-tools-for-stm32.11.3.rel1.win32_1.1.0.202305231506/tools/bin/../lib/gcc/arm-none-eabi/11.3.1/../../../../arm-none-eabi/lib/thumb/v7-m/nofp\libc_nano.a(libc_a-impure.o)
[...]
Memory Configuration

Name             Origin             Length             Attributes
RAM              0x0000000020000000 0x0000000000005000 xrw
FLASH            0x0000000008000000 0x0000000000010000 xr
*default*        0x0000000000000000 0xffffffffffffffff

Linker script and memory map

LOAD C:/ST/STM32CubeIDE_1.10.1/STM32CubeIDE/plugins/com.st.stm32cube.ide.mcu.externaltools.gnu-tools-for-stm32.11.3.rel1.win32_1.1.0.202305231506/tools/bin/../lib/gcc/arm-none-eabi/11.3.1/thumb/v7-m/nofp/crti.o
LOAD C:/ST/STM32CubeIDE_1.10.1/STM32CubeIDE/plugins/com.st.stm32cube.ide.mcu.externaltools.gnu-tools-for-stm32.11.3.rel1.win32_1.1.0.202305231506/tools/bin/../lib/gcc/arm-none-eabi/11.3.1/thumb/v7-m/nofp/crtbegin.o
LOAD C:/ST/STM32CubeIDE_1.10.1/STM32CubeIDE/plugins/com.st.stm32cube.ide.mcu.externaltools.gnu-tools-for-stm32.11.3.rel1.win32_1.1.0.202305231506/tools/bin/../lib/gcc/arm-none-eabi/11.3.1/../../../../arm-none-eabi/lib/thumb/v7-m/nofp/rdimon-crt0.o
LOAD ./BluePill Drivers/CURT_AFIO/CURT_AFIO_source/AFIO.o
LOAD ./BluePill Drivers/CURT_CAN/CURT_CAN_sources/CAN_source.o
LOAD ./BluePill Drivers/CURT_GPIO/CURT_GPIO_sources/GPIO_SOURCE.o
LOAD ./BluePill Drivers/CURT_NVIC/CURT_NVIC_sources/NVIC_source.o
LOAD ./BluePill Drivers/CURT_RCC/CURT_RCC_sources/RCC_source.o
LOAD ./BluePill Drivers/CURT_Systick/CURT_Systick_sources/SYSTICK.o
LOAD ./BluePill Drivers/CURT_USART/CURT_USART_sources/USART_source.o
LOAD ./Src/main.o
LOAD ./Src/sysmem.o
LOAD ./Startup/startup_stm32f103c8tx.o
LOAD C:/ST/STM32CubeIDE_1.10.1/STM32CubeIDE/plugins/com.st.stm32cube.ide.mcu.externaltools.gnu-tools-for-stm32.11.3.rel1.win32_1.1.0.202305231506/tools/bin/../lib/gcc/arm-none-eabi/11.3.1/../../../../arm-none-eabi/lib/thumb/v7-m/nofp\librdimon_nano.a
START GROUP
LOAD C:/ST/STM32CubeIDE_1.10.1/STM32CubeIDE/plugins/com.st.stm32cube.ide.mcu.externaltools.gnu-tools-for-stm32.11.3.rel1.win32_1.1.0.202305231506/tools/bin/../lib/gcc/arm-none-eabi/11.3.1/../../../../arm-none-eabi/lib/thumb/v7-m/nofp\libc_nano.a
LOAD C:/ST/STM32CubeIDE_1.10.1/STM32CubeIDE/plugins/com.st.stm32cube.ide.mcu.externaltools.gnu-tools-for-stm32.11.3.rel1.win32_1.1.0.202305231506/tools/bin/../lib/gcc/arm-none-eabi/11.3.1/../../../../arm-none-eabi/lib/thumb/v7-m/nofp\libm.a
END GROUP
START GROUP
LOAD C:/ST/STM32CubeIDE_1.10.1/STM32CubeIDE/plugins/com.st.stm32cube.ide.mcu.externaltools.gnu-tools-for-stm32.11.3.rel1.win32_1.1.0.202305231506/tools/bin/../lib/gcc/arm-none-eabi/11.3.1/thumb/v7-m/nofp\libgcc.a
LOAD C:/ST/STM32CubeIDE_1.10.1/STM32CubeIDE/plugins/com.st.stm32cube.ide.mcu.externaltools.gnu-tools-for-stm32.11.3.rel1.win32_1.1.0.202305231506/tools/bin/../lib/gcc/arm-none-eabi/11.3.1/../../../../arm-none-eabi/lib/thumb/v7-m/nofp\libc_nano.a
END GROUP
START GROUP
LOAD C:/ST/STM32CubeIDE_1.10.1/STM32CubeIDE/plugins/com.st.stm32cube.ide.mcu.externaltools.gnu-tools-for-stm32.11.3.rel1.win32_1.1.0.202305231506/tools/bin/../lib/gcc/arm-none-eabi/11.3.1/thumb/v7-m/nofp\libgcc.a
LOAD C:/ST/STM32CubeIDE_1.10.1/STM32CubeIDE/plugins/com.st.stm32cube.ide.mcu.externaltools.gnu-tools-for-stm32.11.3.rel1.win32_1.1.0.202305231506/tools/bin/../lib/gcc/arm-none-eabi/11.3.1/../../../../arm-none-eabi/lib/thumb/v7-m/nofp\libc_nano.a
LOAD C:/ST/STM32CubeIDE_1.10.1/STM32CubeIDE/plugins/com.st.stm32cube.ide.mcu.externaltools.gnu-tools-for-stm32.11.3.rel1.win32_1.1.0.202305231506/tools/bin/../lib/gcc/arm-none-eabi/11.3.1/../../../../arm-none-eabi/lib/thumb/v7-m/nofp\libnosys.a
END GROUP
START GROUP
LOAD C:/ST/STM32CubeIDE_1.10.1/STM32CubeIDE/plugins/com.st.stm32cube.ide.mcu.externaltools.gnu-tools-for-stm32.11.3.rel1.win32_1.1.0.202305231506/tools/bin/../lib/gcc/arm-none-eabi/11.3.1/thumb/v7-m/nofp\libgcc.a
LOAD C:/ST/STM32CubeIDE_1.10.1/STM32CubeIDE/plugins/com.st.stm32cube.ide.mcu.externaltools.gnu-tools-for-stm32.11.3.rel1.win32_1.1.0.202305231506/tools/bin/../lib/gcc/arm-none-eabi/11.3.1/../../../../arm-none-eabi/lib/thumb/v7-m/nofp\libc_nano.a
LOAD C:/ST/STM32CubeIDE_1.10.1/STM32CubeIDE/plugins/com.st.stm32cube.ide.mcu.externaltools.gnu-tools-for-stm32.11.3.rel1.win32_1.1.0.202305231506/tools/bin/../lib/gcc/arm-none-eabi/11.3.1/../../../../arm-none-eabi/lib/thumb/v7-m/nofp\librdimon_nano.a
END GROUP
START GROUP
LOAD C:/ST/STM32CubeIDE_1.10.1/STM32CubeIDE/plugins/com.st.stm32cube.ide.mcu.externaltools.gnu-tools-for-stm32.11.3.rel1.win32_1.1.0.202305231506/tools/bin/../lib/gcc/arm-none-eabi/11.3.1/thumb/v7-m/nofp\libgcc.a
LOAD C:/ST/STM32CubeIDE_1.10.1/STM32CubeIDE/plugins/com.st.stm32cube.ide.mcu.externaltools.gnu-tools-for-stm32.11.3.rel1.win32_1.1.0.202305231506/tools/bin/../lib/gcc/arm-none-eabi/11.3.1/../../../../arm-none-eabi/lib/thumb/v7-m/nofp\libc_nano.a
LOAD C:/ST/STM32CubeIDE_1.10.1/STM32CubeIDE/plugins/com.st.stm32cube.ide.mcu.externaltools.gnu-tools-for-stm32.11.3.rel1.win32_1.1.0.202305231506/tools/bin/../lib/gcc/arm-none-eabi/11.3.1/../../../../arm-none-eabi/lib/thumb/v7-m/nofp\librdimon_nano.a
LOAD C:/ST/STM32CubeIDE_1.10.1/STM32CubeIDE/plugins/com.st.stm32cube.ide.mcu.externaltools.gnu-tools-for-stm32.11.3.rel1.win32_1.1.0.202305231506/tools/bin/../lib/gcc/arm-none-eabi/11.3.1/../../../../arm-none-eabi/lib/thumb/v7-m/nofp\libnosys.a
END GROUP
LOAD C:/ST/STM32CubeIDE_1.10.1/STM32CubeIDE/plugins/com.st.stm32cube.ide.mcu.externaltools.gnu-tools-for-stm32.11.3.rel1.win32_1.1.0.202305231506/tools/bin/../lib/gcc/arm-none-eabi/11.3.1/thumb/v7-m/nofp/crtend.o
LOAD C:/ST/STM32CubeIDE_1.10.1/STM32CubeIDE/plugins/com.st.stm32cube.ide.mcu.externaltools.gnu-tools-for-stm32.11.3.rel1.win32_1.1.0.202305231506/tools/bin/../lib/gcc/arm-none-eabi/11.3.1/thumb/v7-m/nofp/crtn.o
                0x0000000020005000                _estack = (ORIGIN (RAM) + LENGTH (RAM))
                0x0000000000000200                _Min_Heap_Size = 0x200
                0x0000000000000400                _Min_Stack_Size = 0x400

.isr_vector     0x0000000008000000      0x130
                0x0000000008000000                . = ALIGN (0x4)
 *(.isr_vector)
 .isr_vector    0x0000000008000000      0x130 ./Startup/startup_stm32f103c8tx.o
                0x0000000008000000                g_pfnVectors
                0x0000000008000130                . = ALIGN (0x4)

.text           0x0000000008000130     0x152c
                0x0000000008000130                . = ALIGN (0x4)
 *(.text)
 .text          0x0000000008000130       0x40 C:/ST/STM32CubeIDE_1.10.1/STM32CubeIDE/plugins/com.st.stm32cube.ide.mcu.externaltools.gnu-tools-for-stm32.11.3.rel1.win32_1.1.0.202305231506/tools/bin/../lib/gcc/arm-none-eabi/11.3.1/thumb/v7-m/nofp/crtbegin.o
 *(.text*)
 .text.CAN_init
                0x0000000008000170      0x178 ./BluePill Drivers/CURT_CAN/CURT_CAN_sources/CAN_source.o
                0x0000000008000170                CAN_init
 .text.CAN_setMode
                0x00000000080002e8       0xac ./BluePill Drivers/CURT_CAN/CURT_CAN_sources/CAN_source.o
                0x00000000080002e8                CAN_setMode
 .text.CAN_initFilter
                0x0000000008000394      0x284 ./BluePill Drivers/CURT_CAN/CURT_CAN_sources/CAN_source.o
                0x0000000008000394                CAN_initFilter
 .text.CAN_setSlaveStartBank
                0x0000000008000618       0x4c ./BluePill Drivers/CURT_CAN/CURT_CAN_sources/CAN_source.o
                0x0000000008000618                CAN_setSlaveStartBank
 .text.CAN_transmit
                0x0000000008000664      0x160 ./BluePill Drivers/CURT_CAN/CURT_CAN_sources/CAN_source.o
                0x0000000008000664                CAN_transmit
 .text.CAN_receive
                0x00000000080007c4      0x1c2 ./BluePill Drivers/CURT_CAN/CURT_CAN_sources/CAN_source.o
                0x00000000080007c4                CAN_receive
 .text.CAN_formatIdentifierIntoFRx
                0x0000000008000986      0x192 ./BluePill Drivers/CURT_CAN/CURT_CAN_sources/CAN_source.o
                0x0000000008000986                CAN_formatIdentifierIntoFRx
 .text.CAN_appendDeviceToBus
                0x0000000008000b18      0x1cc ./BluePill Drivers/CURT_CAN/CURT_CAN_sources/CAN_source.o
                0x0000000008000b18                CAN_appendDeviceToBus
 .text.CAN_receiveMessage
                0x0000000008000ce4       0xcc ./BluePill Drivers/CURT_CAN/CURT_CAN_sources/CAN_source.o
                0x0000000008000ce4                CAN_receiveMessage
 .text.USB_HP_CAN_TX_IRQHandler
                0x0000000008000db0       0x38 ./BluePill Drivers/CURT_CAN/CURT_CAN_sources/CAN_source.o
                0x0000000008000db0                USB_HP_CAN_TX_IRQHandler
 .text.USB_LP_CAN_RX0_IRQHandler
                0x0000000008000de8       0x8c ./BluePill Drivers/CURT_CAN/CURT_CAN_sources/CAN_source.o
                0x0000000008000de8                USB_LP_CAN_RX0_IRQHandler
 .text.CAN_RX1_IRQHandler
                0x0000000008000e74       0x98 ./BluePill Drivers/CURT_CAN/CURT_CAN_sources/CAN_source.o
                0x0000000008000e74                CAN_RX1_IRQHandler
 .text.CAN_SCE_IRQHandler
                0x0000000008000f0c       0x1c ./BluePill Drivers/CURT_CAN/CURT_CAN_sources/CAN_source.o
                0x0000000008000f0c                CAN_SCE_IRQHandler
 .text.GPIO_setupPinMode
                0x0000000008000f28      0x1a0 ./BluePill Drivers/CURT_GPIO/CURT_GPIO_sources/GPIO_SOURCE.o
                0x0000000008000f28                GPIO_setupPinMode
 .text.GPIO_setPinValue
                0x00000000080010c8       0xdc ./BluePill Drivers/CURT_GPIO/CURT_GPIO_sources/GPIO_SOURCE.o
                0x00000000080010c8                GPIO_setPinValue
 .text.GPIO_togglePinValue
                0x00000000080011a4       0x88 ./BluePill Drivers/CURT_GPIO/CURT_GPIO_sources/GPIO_SOURCE.o
                0x00000000080011a4                GPIO_togglePinValue
 .text.GPIO_enablePortClock
                0x000000000800122c       0x46 ./BluePill Drivers/CURT_GPIO/CURT_GPIO_sources/GPIO_SOURCE.o
                0x000000000800122c                GPIO_enablePortClock
 *fill*         0x0000000008001272        0x2 
 .text.RCC_voidInitSysClock
                0x0000000008001274       0x9c ./BluePill Drivers/CURT_RCC/CURT_RCC_sources/RCC_source.o
                0x0000000008001274                RCC_voidInitSysClock
 .text.RCC_voidEnableClock
                0x0000000008001310       0x7c ./BluePill Drivers/CURT_RCC/CURT_RCC_sources/RCC_source.o
                0x0000000008001310                RCC_voidEnableClock
 .text.STK_init
                0x000000000800138c       0x44 ./BluePill Drivers/CURT_Systick/CURT_Systick_sources/SYSTICK.o
                0x000000000800138c                STK_init
 .text.STK_stopInterval
                0x00000000080013d0       0x3c ./BluePill Drivers/CURT_Systick/CURT_Systick_sources/SYSTICK.o
                0x00000000080013d0                STK_stopInterval
 .text.SysTick_Handler
                0x000000000800140c       0x78 ./BluePill Drivers/CURT_Systick/CURT_Systick_sources/SYSTICK.o
                0x000000000800140c                SysTick_Handler
 .text.dumb_delay
                0x0000000008001484       0x2c ./Src/main.o
                0x0000000008001484                dumb_delay
 .text.toggle_led
                0x00000000080014b0       0x2e ./Src/main.o
                0x00000000080014b0                toggle_led
 .text.initCorePeriph
                0x00000000080014de       0x10 ./Src/main.o
                0x00000000080014de                initCorePeriph
 .text.initGPIOPeriph
                0x00000000080014ee       0x22 ./Src/main.o
                0x00000000080014ee                initGPIOPeriph
 .text.initCANPeriph
                0x0000000008001510       0x2c ./Src/main.o
                0x0000000008001510                initCANPeriph
 .text.initUSART
                0x000000000800153c        0xc ./Src/main.o
                0x000000000800153c                initUSART
 .text.main     0x0000000008001548       0x60 ./Src/main.o
                0x0000000008001548                main
 .text.Reset_Handler
                0x00000000080015a8       0x50 ./Startup/startup_stm32f103c8tx.o
                0x00000000080015a8                Reset_Handler
 .text.Default_Handler
                0x00000000080015f8        0x2 ./Startup/startup_stm32f103c8tx.o
                0x00000000080015f8                EXTI2_IRQHandler
                0x00000000080015f8                TIM8_TRG_COM_IRQHandler
                0x00000000080015f8                TIM8_CC_IRQHandler
                0x00000000080015f8                DebugMon_Handler
                0x00000000080015f8                TIM1_CC_IRQHandler
                0x00000000080015f8                HardFault_Handler
                0x00000000080015f8                TIM6_IRQHandler
                0x00000000080015f8                PVD_IRQHandler
                0x00000000080015f8                SDIO_IRQHandler
                0x00000000080015f8                PendSV_Handler
                0x00000000080015f8                NMI_Handler
                0x00000000080015f8                EXTI3_IRQHandler
                0x00000000080015f8                EXTI0_IRQHandler
                0x00000000080015f8                I2C2_EV_IRQHandler
                0x00000000080015f8                UsageFault_Handler
                0x00000000080015f8                ADC1_2_IRQHandler
                0x00000000080015f8                SPI1_IRQHandler
                0x00000000080015f8                TAMPER_IRQHandler
                0x00000000080015f8                TIM8_UP_IRQHandler
                0x00000000080015f8                DMA2_Channel2_IRQHandler
                0x00000000080015f8                DMA1_Channel4_IRQHandler
                0x00000000080015f8                USART3_IRQHandler
                0x00000000080015f8                RTC_IRQHandler
                0x00000000080015f8                DMA1_Channel7_IRQHandler
                0x00000000080015f8                UART5_IRQHandler
                0x00000000080015f8                ADC3_IRQHandler
                0x00000000080015f8                TIM4_IRQHandler
                0x00000000080015f8                DMA2_Channel1_IRQHandler
                0x00000000080015f8                I2C1_EV_IRQHandler
                0x00000000080015f8                DMA1_Channel6_IRQHandler
                0x00000000080015f8                UART4_IRQHandler
                0x00000000080015f8                TIM3_IRQHandler
                0x00000000080015f8                RCC_IRQHandler
                0x00000000080015f8                TIM1_TRG_COM_IRQHandler
                0x00000000080015f8                DMA1_Channel1_IRQHandler
                0x00000000080015f8                Default_Handler
                0x00000000080015f8                EXTI15_10_IRQHandler
                0x00000000080015f8                TIM7_IRQHandler
                0x00000000080015f8                TIM5_IRQHandler
                0x00000000080015f8                EXTI9_5_IRQHandler
                0x00000000080015f8                SPI2_IRQHandler
                0x00000000080015f8                MemManage_Handler
                0x00000000080015f8                SVC_Handler
                0x00000000080015f8                DMA1_Channel5_IRQHandler
                0x00000000080015f8                EXTI4_IRQHandler
                0x00000000080015f8                DMA1_Channel3_IRQHandler
                0x00000000080015f8                FSMC_IRQHandler
                0x00000000080015f8                TIM1_UP_IRQHandler
                0x00000000080015f8                WWDG_IRQHandler
                0x00000000080015f8                TIM2_IRQHandler
                0x00000000080015f8                TIM1_BRK_IRQHandler
                0x00000000080015f8                EXTI1_IRQHandler
                0x00000000080015f8                RTCAlarm_IRQHandler
                0x00000000080015f8                DMA2_Channel4_5_IRQHandler
                0x00000000080015f8                USART2_IRQHandler
                0x00000000080015f8                I2C2_ER_IRQHandler
                0x00000000080015f8                DMA1_Channel2_IRQHandler
                0x00000000080015f8                TIM8_BRK_IRQHandler
                0x00000000080015f8                FLASH_IRQHandler
                0x00000000080015f8                BusFault_Handler
                0x00000000080015f8                USART1_IRQHandler
                0x00000000080015f8                SPI3_IRQHandler
                0x00000000080015f8                I2C1_ER_IRQHandler
                0x00000000080015f8                DMA2_Channel3_IRQHandler
 *fill*         0x00000000080015fa        0x2 
 .text.__libc_init_array
                0x00000000080015fc       0x48 C:/ST/STM32CubeIDE_1.10.1/STM32CubeIDE/plugins/com.st.stm32cube.ide.mcu.externaltools.gnu-tools-for-stm32.11.3.rel1.win32_1.1.0.202305231506/tools/bin/../lib/gcc/arm-none-eabi/11.3.1/../../../../arm-none-eabi/lib/thumb/v7-m/nofp\libc_nano.a(libc_a-init.o)
                0x00000000080015fc                __libc_init_array
 *(.glue_7)
 .glue_7        0x0000000008001644        0x0 linker stubs
 *(.glue_7t)
 .glue_7t       0x0000000008001644        0x0 linker stubs
 *(.eh_frame)
 .eh_frame      0x0000000008001644        0x0 C:/ST/STM32CubeIDE_1.10.1/STM32CubeIDE/plugins/com.st.stm32cube.ide.mcu.externaltools.gnu-tools-for-stm32.11.3.rel1.win32_1.1.0.202305231506/tools/bin/../lib/gcc/arm-none-eabi/11.3.1/thumb/v7-m/nofp/crtbegin.o
 *(.init)
 .init          0x0000000008001644        0x4 C:/ST/STM32CubeIDE_1.10.1/STM32CubeIDE/plugins/com.st.stm32cube.ide.mcu.externaltools.gnu-tools-for-stm32.11.3.rel1.win32_1.1.0.202305231506/tools/bin/../lib/gcc/arm-none-eabi/11.3.1/thumb/v7-m/nofp/crti.o
                0x0000000008001644                _init
 .init          0x0000000008001648        0x8 C:/ST/STM32CubeIDE_1.10.1/STM32CubeIDE/plugins/com.st.stm32cube.ide.mcu.externaltools.gnu-tools-for-stm32.11.3.rel1.win32_1.1.0.202305231506/tools/bin/../lib/gcc/arm-none-eabi/11.3.1/thumb/v7-m/nofp/crtn.o
 *(.fini)
 .fini          0x0000000008001650        0x4 C:/ST/STM32CubeIDE_1.10.1/STM32CubeIDE/plugins/com.st.stm32cube.ide.mcu.externaltools.gnu-tools-for-stm32.11.3.rel1.win32_1.1.0.202305231506/tools/bin/../lib/gcc/arm-none-eabi/11.3.1/thumb/v7-m/nofp/crti.o
                0x0000000008001650                _fini
 .fini          0x0000000008001654        0x8 C:/ST/STM32CubeIDE_1.10.1/STM32CubeIDE/plugins/com.st.stm32cube.ide.mcu.externaltools.gnu-tools-for-stm32.11.3.rel1.win32_1.1.0.202305231506/tools/bin/../lib/gcc/arm-none-eabi/11.3.1/thumb/v7-m/nofp/crtn.o
                0x000000000800165c                . = ALIGN (0x4)
                0x000000000800165c                _etext = .

.vfp11_veneer   0x000000000800165c        0x0
 .vfp11_veneer  0x000000000800165c        0x0 linker stubs

.v4_bx          0x000000000800165c        0x0
 .v4_bx         0x000000000800165c        0x0 linker stubs

.iplt           0x000000000800165c        0x0
 .iplt          0x000000000800165c        0x0 C:/ST/STM32CubeIDE_1.10.1/STM32CubeIDE/plugins/com.st.stm32cube.ide.mcu.externaltools.gnu-tools-for-stm32.11.3.rel1.win32_1.1.0.202305231506/tools/bin/../lib/gcc/arm-none-eabi/11.3.1/thumb/v7-m/nofp/crtbegin.o

.rodata         0x000000000800165c        0xc
                0x000000000800165c                . = ALIGN (0x4)
 *(.rodata)
 .rodata        0x000000000800165c        0xa ./Src/main.o
 *(.rodata*)
                0x0000000008001668                . = ALIGN (0x4)
 *fill*         0x0000000008001666        0x2 

.rel.dyn        0x0000000008001668        0x0
 .rel.iplt      0x0000000008001668        0x0 C:/ST/STM32CubeIDE_1.10.1/STM32CubeIDE/plugins/com.st.stm32cube.ide.mcu.externaltools.gnu-tools-for-stm32.11.3.rel1.win32_1.1.0.202305231506/tools/bin/../lib/gcc/arm-none-eabi/11.3.1/thumb/v7-m/nofp/crtbegin.o

.ARM.extab      0x0000000008001668        0x0
                0x0000000008001668                . = ALIGN (0x4)
 *(.ARM.extab* .gnu.linkonce.armextab.*)
                0x0000000008001668                . = ALIGN (0x4)

.ARM            0x0000000008001668        0x0
                0x0000000008001668                . = ALIGN (0x4)
                0x0000000008001668                __exidx_start = .
 *(.ARM.exidx*)
                0x0000000008001668                __exidx_end = .
                0x0000000008001668                . = ALIGN (0x4)

.preinit_array  0x0000000008001668        0x0
                0x0000000008001668                . = ALIGN (0x4)
                0x0000000008001668                PROVIDE (__preinit_array_start = .)
 *(.preinit_array*)
                0x0000000008001668                PROVIDE (__preinit_array_end = .)
                0x0000000008001668                . = ALIGN (0x4)

.init_array     0x0000000008001668        0x4
                0x0000000008001668                . = ALIGN (0x4)
                0x0000000008001668                PROVIDE (__init_array_start = .)
 *(SORT_BY_NAME(.init_array.*))
 *(.init_array*)
 .init_array    0x0000000008001668        0x4 C:/ST/STM32CubeIDE_1.10.1/STM32CubeIDE/plugins/com.st.stm32cube.ide.mcu.externaltools.gnu-tools-for-stm32.11.3.rel1.win32_1.1.0.202305231506/tools/bin/../lib/gcc/arm-none-eabi/11.3.1/thumb/v7-m/nofp/crtbegin.o
                0x000000000800166c                PROVIDE (__init_array_end = .)
                0x000000000800166c                . = ALIGN (0x4)

.fini_array     0x000000000800166c        0x4
                0x000000000800166c                . = ALIGN (0x4)
                [!provide]                        PROVIDE (__fini_array_start = .)
 *(SORT_BY_NAME(.fini_array.*))
 *(.fini_array*)
 .fini_array    0x000000000800166c        0x4 C:/ST/STM32CubeIDE_1.10.1/STM32CubeIDE/plugins/com.st.stm32cube.ide.mcu.externaltools.gnu-tools-for-stm32.11.3.rel1.win32_1.1.0.202305231506/tools/bin/../lib/gcc/arm-none-eabi/11.3.1/thumb/v7-m/nofp/crtbegin.o
                [!provide]                        PROVIDE (__fini_array_end = .)
                0x0000000008001670                . = ALIGN (0x4)
                0x0000000008001670                _sidata = LOADADDR (.data)

.data           0x0000000020000000        0x0 load address 0x0000000008001670
                0x0000000020000000                . = ALIGN (0x4)
                0x0000000020000000                _sdata = .
 *(.data)
 *(.data*)
 *(.RamFunc)
 *(.RamFunc*)
                0x0000000020000000                . = ALIGN (0x4)
                0x0000000020000000                _edata = .

.igot.plt       0x0000000020000000        0x0 load address 0x0000000008001670
 .igot.plt      0x0000000020000000        0x0 C:/ST/STM32CubeIDE_1.10.1/STM32CubeIDE/plugins/com.st.stm32cube.ide.mcu.externaltools.gnu-tools-for-stm32.11.3.rel1.win32_1.1.0.202305231506/tools/bin/../lib/gcc/arm-none-eabi/11.3.1/thumb/v7-m/nofp/crtbegin.o
                0x0000000020000000                . = ALIGN (0x4)

.bss            0x0000000020000000       0x60 load address 0x0000000008001670
                0x0000000020000000                _sbss = .
                0x0000000020000000                __bss_start__ = _sbss
 *(.bss)
 .bss           0x0000000020000000       0x1c C:/ST/STM32CubeIDE_1.10.1/STM32CubeIDE/plugins/com.st.stm32cube.ide.mcu.externaltools.gnu-tools-for-stm32.11.3.rel1.win32_1.1.0.202305231506/tools/bin/../lib/gcc/arm-none-eabi/11.3.1/thumb/v7-m/nofp/crtbegin.o
 *(.bss*)
 .bss.CAN_devicesCount
                0x000000002000001c        0x1 ./BluePill Drivers/CURT_CAN/CURT_CAN_sources/CAN_source.o
 *fill*         0x000000002000001d        0x3 
 .bss.p_CANTxMsg
                0x0000000020000020       0x14 ./BluePill Drivers/CURT_CAN/CURT_CAN_sources/CAN_source.o
 .bss.CAN_RxBuffer
                0x0000000020000034        0x4 ./BluePill Drivers/CURT_CAN/CURT_CAN_sources/CAN_source.o
 .bss.CAN_RxSize
                0x0000000020000038        0x4 ./BluePill Drivers/CURT_CAN/CURT_CAN_sources/CAN_source.o
 .bss.CAN_RxID  0x000000002000003c        0x4 ./BluePill Drivers/CURT_CAN/CURT_CAN_sources/CAN_source.o
 .bss.CAN_transmit_CallbackPtr
                0x0000000020000040        0x4 ./BluePill Drivers/CURT_CAN/CURT_CAN_sources/CAN_source.o
 .bss.CAN_FIFO0_CallbackPtr
                0x0000000020000044        0x4 ./BluePill Drivers/CURT_CAN/CURT_CAN_sources/CAN_source.o
 .bss.CAN_FIFO1_CallbackPtr
                0x0000000020000048        0x4 ./BluePill Drivers/CURT_CAN/CURT_CAN_sources/CAN_source.o
 .bss.CAN_Status_CallbackPtr
                0x000000002000004c        0x4 ./BluePill Drivers/CURT_CAN/CURT_CAN_sources/CAN_source.o
 .bss.STK_modeOfInterval
                0x0000000020000050        0x1 ./BluePill Drivers/CURT_Systick/CURT_Systick_sources/SYSTICK.o
 *fill*         0x0000000020000051        0x3 
 .bss.STK_callBack
                0x0000000020000054        0x4 ./BluePill Drivers/CURT_Systick/CURT_Systick_sources/SYSTICK.o
 .bss.STK_ticksGoal
                0x0000000020000058        0x4 ./BluePill Drivers/CURT_Systick/CURT_Systick_sources/SYSTICK.o
 .bss.STK_ticks
                0x000000002000005c        0x4 ./BluePill Drivers/CURT_Systick/CURT_Systick_sources/SYSTICK.o
 *(COMMON)
                0x0000000020000060                . = ALIGN (0x4)
                0x0000000020000060                _ebss = .
                0x0000000020000060                __bss_end__ = _ebss

._user_heap_stack
                0x0000000020000060      0x600 load address 0x0000000008001670
                0x0000000020000060                . = ALIGN (0x8)
                0x0000000020000060                PROVIDE (end = .)
                0x0000000020000060                PROVIDE (_end = .)
                0x0000000020000260                . = (. + _Min_Heap_Size)
 *fill*         0x0000000020000060      0x200 
                0x0000000020000660                . = (. + _Min_Stack_Size)
 *fill*         0x0000000020000260      0x400 
                0x0000000020000660                . = ALIGN (0x8)

/DISCARD/
 libc.a(*)
 libm.a(*)
 libgcc.a(*)

.ARM.attributes
                0x0000000000000000       0x29
 *(.ARM.attributes)
 .ARM.attributes
                0x0000000000000000       0x1d C:/ST/STM32CubeIDE_1.10.1/STM32CubeIDE/plugins/com.st.stm32cube.ide.mcu.externaltools.gnu-tools-for-stm32.11.3.rel1.win32_1.1.0.202305231506/tools/bin/../lib/gcc/arm-none-eabi/11.3.1/thumb/v7-m/nofp/crti.o
 .ARM.attributes
                0x000000000000001d       0x2d C:/ST/STM32CubeIDE_1.10.1/STM32CubeIDE/plugins/com.st.stm32cube.ide.mcu.externaltools.gnu-tools-for-stm32.11.3.rel1.win32_1.1.0.202305231506/tools/bin/../lib/gcc/arm-none-eabi/11.3.1/thumb/v7-m/nofp/crtbegin.o
 .ARM.attributes
                0x000000000000004a       0x2d ./BluePill Drivers/CURT_CAN/CURT_CAN_sources/CAN_source.o
 .ARM.attributes
                0x0000000000000077       0x2d ./BluePill Drivers/CURT_GPIO/CURT_GPIO_sources/GPIO_SOURCE.o
 .ARM.attributes
                0x00000000000000a4       0x2d ./BluePill Drivers/CURT_RCC/CURT_RCC_sources/RCC_source.o
 .ARM.attributes
                0x00000000000000d1       0x2d ./BluePill Drivers/CURT_Systick/CURT_Systick_sources/SYSTICK.o
 .ARM.attributes
                0x00000000000000fe       0x2d ./Src/main.o
 .ARM.attributes
                0x000000000000012b       0x21 ./Startup/startup_stm32f103c8tx.o
 .ARM.attributes
                0x000000000000014c       0x2d C:/ST/STM32CubeIDE_1.10.1/STM32CubeIDE/plugins/com.st.stm32cube.ide.mcu.externaltools.gnu-tools-for-stm32.11.3.rel1.win32_1.1.0.202305231506/tools/bin/../lib/gcc/arm-none-eabi/11.3.1/../../../../arm-none-eabi/lib/thumb/v7-m/nofp\libc_nano.a(libc_a-init.o)
 .ARM.attributes
                0x0000000000000179       0x1d C:/ST/STM32CubeIDE_1.10.1/STM32CubeIDE/plugins/com.st.stm32cube.ide.mcu.externaltools.gnu-tools-for-stm32.11.3.rel1.win32_1.1.0.202305231506/tools/bin/../lib/gcc/arm-none-eabi/11.3.1/thumb/v7-m/nofp/crtn.o
OUTPUT(BMS_CAN.elf elf32-littlearm)
LOAD linker stubs
LOAD C:/ST/STM32CubeIDE_1.10.1/STM32CubeIDE/plugins/com.st.stm32cube.ide.mcu.externaltools.gnu-tools-for-stm32.11.3.rel1.win32_1.1.0.202305231506/tools/bin/../lib/gcc/arm-none-eabi/11.3.1/../../../../arm-none-eabi/lib/thumb/v7-m/nofp\libc.a
LOAD C:/ST/STM32CubeIDE_1.10.1/STM32CubeIDE/plugins/com.st.stm32cube.ide.mcu.externaltools.gnu-tools-for-stm32.11.3.rel1.win32_1.1.0.202305231506/tools/bin/../lib/gcc/arm-none-eabi/11.3.1/../../../../arm-none-eabi/lib/thumb/v7-m/nofp\libm.a
LOAD C:/ST/STM32CubeIDE_1.10.1/STM32CubeIDE/plugins/com.st.stm32cube.ide.mcu.externaltools.gnu-tools-for-stm32.11.3.rel1.win32_1.1.0.202305231506/tools/bin/../lib/gcc/arm-none-eabi/11.3.1/thumb/v7-m/nofp\libgcc.a

.comment        0x0000000000000000       0x43
 .comment       0x0000000000000000       0x43 C:/ST/STM32CubeIDE_1.10.1/STM32CubeIDE/plugins/com.st.stm32cube.ide.mcu.externaltools.gnu-tools-for-stm32.11.3.rel1.win32_1.1.0.202305231506/tools/bin/../lib/gcc/arm-none-eabi/11.3.1/thumb/v7-m/nofp/crtbegin.o
                                         0x44 (size before relaxing)
 .comment       0x0000000000000043       0x44 ./BluePill Drivers/CURT_CAN/CURT_CAN_sources/CAN_source.o
 .comment       0x0000000000000043       0x44 ./BluePill Drivers/CURT_GPIO/CURT_GPIO_sources/GPIO_SOURCE.o
 .comment       0x0000000000000043       0x44 ./BluePill Drivers/CURT_RCC/CURT_RCC_sources/RCC_source.o
 .comment       0x0000000000000043       0x44 ./BluePill Drivers/CURT_Systick/CURT_Systick_sources/SYSTICK.o
 .comment       0x0000000000000043       0x44 ./Src/main.o

.debug_info     0x0000000000000000     0x2100
 .debug_info    0x0000000000000000     0x111e ./BluePill Drivers/CURT_CAN/CURT_CAN_sources/CAN_source.o
 .debug_info    0x000000000000111e      0x416 ./BluePill Drivers/CURT_GPIO/CURT_GPIO_sources/GPIO_SOURCE.o
 .debug_info    0x0000000000001534      0x3cb ./BluePill Drivers/CURT_RCC/CURT_RCC_sources/RCC_source.o
 .debug_info    0x00000000000018ff      0x256 ./BluePill Drivers/CURT_Systick/CURT_Systick_sources/SYSTICK.o
 .debug_info    0x0000000000001b55      0x588 ./Src/main.o
 .debug_info    0x00000000000020dd       0x23 ./Startup/startup_stm32f103c8tx.o

.debug_abbrev   0x0000000000000000      0x96d
 .debug_abbrev  0x0000000000000000      0x2d2 ./BluePill Drivers/CURT_CAN/CURT_CAN_sources/CAN_source.o
 .debug_abbrev  0x00000000000002d2      0x1a0 ./BluePill Drivers/CURT_GPIO/CURT_GPIO_sources/GPIO_SOURCE.o
 .debug_abbrev  0x0000000000000472      0x185 ./BluePill Drivers/CURT_RCC/CURT_RCC_sources/RCC_source.o
 .debug_abbrev  0x00000000000005f7      0x162 ./BluePill Drivers/CURT_Systick/CURT_Systick_sources/SYSTICK.o
 .debug_abbrev  0x0000000000000759      0x202 ./Src/main.o
 .debug_abbrev  0x000000000000095b       0x12 ./Startup/startup_stm32f103c8tx.o

.debug_aranges  0x0000000000000000      0x250
 .debug_aranges
                0x0000000000000000       0xc0 ./BluePill Drivers/CURT_CAN/CURT_CAN_sources/CAN_source.o
 .debug_aranges
                0x00000000000000c0       0x78 ./BluePill Drivers/CURT_GPIO/CURT_GPIO_sources/GPIO_SOURCE.o
 .debug_aranges
                0x0000000000000138       0x48 ./BluePill Drivers/CURT_RCC/CURT_RCC_sources/RCC_source.o
 .debug_aranges
                0x0000000000000180       0x58 ./BluePill Drivers/CURT_Systick/CURT_Systick_sources/SYSTICK.o
 .debug_aranges
                0x00000000000001d8       0x50 ./Src/main.o
 .debug_aranges
                0x0000000000000228       0x28 ./Startup/startup_stm32f103c8tx.o

.debug_rnglists
                0x0000000000000000      0x1bb
 .debug_rnglists
                0x0000000000000000       0x9c ./BluePill Drivers/CURT_CAN/CURT_CAN_sources/CAN_source.o
 .debug_rnglists
                0x000000000000009c       0x5e ./BluePill Drivers/CURT_GPIO/CURT_GPIO_sources/GPIO_SOURCE.o
 .debug_rnglists
                0x00000000000000fa       0x34 ./BluePill Drivers/CURT_RCC/CURT_RCC_sources/RCC_source.o
 .debug_rnglists
                0x000000000000012e       0x3d ./BluePill Drivers/CURT_Systick/CURT_Systick_sources/SYSTICK.o
 .debug_rnglists
                0x000000000000016b       0x37 ./Src/main.o
 .debug_rnglists
                0x00000000000001a2       0x19 ./Startup/startup_stm32f103c8tx.o

.debug_macro    0x0000000000000000      0x813
 .debug_macro   0x0000000000000000       0x7e ./BluePill Drivers/CURT_CAN/CURT_CAN_sources/CAN_source.o
 .debug_macro   0x000000000000007e       0xf4 ./BluePill Drivers/CURT_CAN/CURT_CAN_sources/CAN_source.o
 .debug_macro   0x0000000000000172       0x88 ./BluePill Drivers/CURT_CAN/CURT_CAN_sources/CAN_source.o
 .debug_macro   0x00000000000001fa       0xb2 ./BluePill Drivers/CURT_CAN/CURT_CAN_sources/CAN_source.o
 .debug_macro   0x00000000000002ac      0x1c8 ./BluePill Drivers/CURT_CAN/CURT_CAN_sources/CAN_source.o
 .debug_macro   0x0000000000000474       0x5c ./BluePill Drivers/CURT_GPIO/CURT_GPIO_sources/GPIO_SOURCE.o
 .debug_macro   0x00000000000004d0       0xf4 ./BluePill Drivers/CURT_GPIO/CURT_GPIO_sources/GPIO_SOURCE.o
 .debug_macro   0x00000000000005c4       0x3a ./BluePill Drivers/CURT_GPIO/CURT_GPIO_sources/GPIO_SOURCE.o
 .debug_macro   0x00000000000005fe       0x1c ./BluePill Drivers/CURT_GPIO/CURT_GPIO_sources/GPIO_SOURCE.o
 .debug_macro   0x000000000000061a       0x66 ./BluePill Drivers/CURT_RCC/CURT_RCC_sources/RCC_source.o
 .debug_macro   0x0000000000000680       0x76 ./BluePill Drivers/CURT_RCC/CURT_RCC_sources/RCC_source.o
 .debug_macro   0x00000000000006f6       0x16 ./BluePill Drivers/CURT_RCC/CURT_RCC_sources/RCC_source.o
 .debug_macro   0x000000000000070c       0x48 ./BluePill Drivers/CURT_Systick/CURT_Systick_sources/SYSTICK.o
 .debug_macro   0x0000000000000754       0x10 ./BluePill Drivers/CURT_Systick/CURT_Systick_sources/SYSTICK.o
 .debug_macro   0x0000000000000764       0x22 ./BluePill Drivers/CURT_Systick/CURT_Systick_sources/SYSTICK.o
 .debug_macro   0x0000000000000786       0x10 ./BluePill Drivers/CURT_Systick/CURT_Systick_sources/SYSTICK.o
 .debug_macro   0x0000000000000796       0x7d ./Src/main.o

.debug_line     0x0000000000000000     0x3139
 .debug_line    0x0000000000000000     0x139e ./BluePill Drivers/CURT_CAN/CURT_CAN_sources/CAN_source.o
 .debug_line    0x000000000000139e      0x962 ./BluePill Drivers/CURT_GPIO/CURT_GPIO_sources/GPIO_SOURCE.o
 .debug_line    0x0000000000001d00      0x580 ./BluePill Drivers/CURT_RCC/CURT_RCC_sources/RCC_source.o
 .debug_line    0x0000000000002280      0x457 ./BluePill Drivers/CURT_Systick/CURT_Systick_sources/SYSTICK.o
 .debug_line    0x00000000000026d7      0x9e7 ./Src/main.o
 .debug_line    0x00000000000030be       0x7b ./Startup/startup_stm32f103c8tx.o

.debug_str      0x0000000000000000     0x5821
 .debug_str     0x0000000000000000     0x4b08 ./BluePill Drivers/CURT_CAN/CURT_CAN_sources/CAN_source.o
                                       0x4b8d (size before relaxing)
 .debug_str     0x0000000000004b08      0x2e3 ./BluePill Drivers/CURT_GPIO/CURT_GPIO_sources/GPIO_SOURCE.o
                                       0x3885 (size before relaxing)
 .debug_str     0x0000000000004deb      0x68f ./BluePill Drivers/CURT_RCC/CURT_RCC_sources/RCC_source.o
                                       0x3c44 (size before relaxing)
 .debug_str     0x000000000000547a      0x2f9 ./BluePill Drivers/CURT_Systick/CURT_Systick_sources/SYSTICK.o
                                       0x34f7 (size before relaxing)
 .debug_str     0x0000000000005773       0x7f ./Src/main.o
                                       0x3a59 (size before relaxing)
 .debug_str     0x00000000000057f2       0x2f ./Startup/startup_stm32f103c8tx.o
                                         0x94 (size before relaxing)

.debug_frame    0x0000000000000000      0x848
 .debug_frame   0x0000000000000000      0x328 ./BluePill Drivers/CURT_CAN/CURT_CAN_sources/CAN_source.o
 .debug_frame   0x0000000000000328      0x1ec ./BluePill Drivers/CURT_GPIO/CURT_GPIO_sources/GPIO_SOURCE.o
 .debug_frame   0x0000000000000514       0xf4 ./BluePill Drivers/CURT_RCC/CURT_RCC_sources/RCC_source.o
 .debug_frame   0x0000000000000608      0x124 ./BluePill Drivers/CURT_Systick/CURT_Systick_sources/SYSTICK.o
 .debug_frame   0x000000000000072c       0xf0 ./Src/main.o
 .debug_frame   0x000000000000081c       0x2c C:/ST/STM32CubeIDE_1.10.1/STM32CubeIDE/plugins/com.st.stm32cube.ide.mcu.externaltools.gnu-tools-for-stm32.11.3.rel1.win32_1.1.0.202305231506/tools/bin/../lib/gcc/arm-none-eabi/11.3.1/../../../../arm-none-eabi/lib/thumb/v7-m/nofp\libc_nano.a(libc_a-init.o)

.debug_line_str
                0x0000000000000000       0x88
 .debug_line_str
                0x0000000000000000       0x88 ./Startup/startup_stm32f103c8tx.o
                                         0xa0 (size before relaxing)
