Archive member included to satisfy reference by file (symbol)

c:/st/stm32cubeide_1.10.1/stm32cubeide/plugins/com.st.stm32cube.ide.mcu.externaltools.gnu-tools-for-stm32.10.3-2021.10.win32_1.0.200.202301161003/tools/bin/../lib/gcc/arm-none-eabi/10.3.1/../../../../arm-none-eabi/lib/thumb/v7-m/nofp\librdimon_nano.a(rdimon-syscalls.o)
                              c:/st/stm32cubeide_1.10.1/stm32cubeide/plugins/com.st.stm32cube.ide.mcu.externaltools.gnu-tools-for-stm32.10.3-2021.10.win32_1.0.200.202301161003/tools/bin/../lib/gcc/arm-none-eabi/10.3.1/../../../../arm-none-eabi/lib/thumb/v7-m/nofp/rdimon-crt0.o (initialise_monitor_handles)
c:/st/stm32cubeide_1.10.1/stm32cubeide/plugins/com.st.stm32cube.ide.mcu.externaltools.gnu-tools-for-stm32.10.3-2021.10.win32_1.0.200.202301161003/tools/bin/../lib/gcc/arm-none-eabi/10.3.1/../../../../arm-none-eabi/lib/thumb/v7-m/nofp\libc_nano.a(lib_a-errno.o)
                              ./Src/sysmem.o (__errno)
c:/st/stm32cubeide_1.10.1/stm32cubeide/plugins/com.st.stm32cube.ide.mcu.externaltools.gnu-tools-for-stm32.10.3-2021.10.win32_1.0.200.202301161003/tools/bin/../lib/gcc/arm-none-eabi/10.3.1/../../../../arm-none-eabi/lib/thumb/v7-m/nofp\libc_nano.a(lib_a-exit.o)
                              c:/st/stm32cubeide_1.10.1/stm32cubeide/plugins/com.st.stm32cube.ide.mcu.externaltools.gnu-tools-for-stm32.10.3-2021.10.win32_1.0.200.202301161003/tools/bin/../lib/gcc/arm-none-eabi/10.3.1/../../../../arm-none-eabi/lib/thumb/v7-m/nofp/rdimon-crt0.o (exit)
c:/st/stm32cubeide_1.10.1/stm32cubeide/plugins/com.st.stm32cube.ide.mcu.externaltools.gnu-tools-for-stm32.10.3-2021.10.win32_1.0.200.202301161003/tools/bin/../lib/gcc/arm-none-eabi/10.3.1/../../../../arm-none-eabi/lib/thumb/v7-m/nofp\libc_nano.a(lib_a-findfp.o)
                              c:/st/stm32cubeide_1.10.1/stm32cubeide/plugins/com.st.stm32cube.ide.mcu.externaltools.gnu-tools-for-stm32.10.3-2021.10.win32_1.0.200.202301161003/tools/bin/../lib/gcc/arm-none-eabi/10.3.1/../../../../arm-none-eabi/lib/thumb/v7-m/nofp\librdimon_nano.a(rdimon-syscalls.o) (__sinit)
c:/st/stm32cubeide_1.10.1/stm32cubeide/plugins/com.st.stm32cube.ide.mcu.externaltools.gnu-tools-for-stm32.10.3-2021.10.win32_1.0.200.202301161003/tools/bin/../lib/gcc/arm-none-eabi/10.3.1/../../../../arm-none-eabi/lib/thumb/v7-m/nofp\libc_nano.a(lib_a-fwalk.o)
                              c:/st/stm32cubeide_1.10.1/stm32cubeide/plugins/com.st.stm32cube.ide.mcu.externaltools.gnu-tools-for-stm32.10.3-2021.10.win32_1.0.200.202301161003/tools/bin/../lib/gcc/arm-none-eabi/10.3.1/../../../../arm-none-eabi/lib/thumb/v7-m/nofp\libc_nano.a(lib_a-findfp.o) (_fwalk)
c:/st/stm32cubeide_1.10.1/stm32cubeide/plugins/com.st.stm32cube.ide.mcu.externaltools.gnu-tools-for-stm32.10.3-2021.10.win32_1.0.200.202301161003/tools/bin/../lib/gcc/arm-none-eabi/10.3.1/../../../../arm-none-eabi/lib/thumb/v7-m/nofp\libc_nano.a(lib_a-impure.o)
                              c:/st/stm32cubeide_1.10.1/stm32cubeide/plugins/com.st.stm32cube.ide.mcu.externaltools.gnu-tools-for-stm32.10.3-2021.10.win32_1.0.200.202301161003/tools/bin/../lib/gcc/arm-none-eabi/10.3.1/../../../../arm-none-eabi/lib/thumb/v7-m/nofp\libc_nano.a(lib_a-exit.o) (_global_impure_ptr)
c:/st/stm32cubeide_1.10.1/stm32cubeide/plugins/com.st.stm32cube.ide.mcu.externaltools.gnu-tools-for-stm32.10.3-2021.10.win32_1.0.200.202301161003/tools/bin/../lib/gcc/arm-none-eabi/10.3.1/../../../../arm-none-eabi/lib/thumb/v7-m/nofp\libc_nano.a(lib_a-init.o)
                              c:/st/stm32cubeide_1.10.1/stm32cubeide/plugins/com.st.stm32cube.ide.mcu.externaltools.gnu-tools-for-stm32.10.3-2021.10.win32_1.0.200.202301161003/tools/bin/../lib/gcc/arm-none-eabi/10.3.1/../../../../arm-none-eabi/lib/thumb/v7-m/nofp/rdimon-crt0.o (__libc_init_array)
c:/st/stm32cubeide_1.10.1/stm32cubeide/plugins/com.st.stm32cube.ide.mcu.externaltools.gnu-tools-for-stm32.10.3-2021.10.win32_1.0.200.202301161003/tools/bin/../lib/gcc/arm-none-eabi/10.3.1/../../../../arm-none-eabi/lib/thumb/v7-m/nofp\libc_nano.a(lib_a-lock.o)
                              c:/st/stm32cubeide_1.10.1/stm32cubeide/plugins/com.st.stm32cube.ide.mcu.externaltools.gnu-tools-for-stm32.10.3-2021.10.win32_1.0.200.202301161003/tools/bin/../lib/gcc/arm-none-eabi/10.3.1/../../../../arm-none-eabi/lib/thumb/v7-m/nofp\libc_nano.a(lib_a-findfp.o) (__retarget_lock_init_recursive)
c:/st/stm32cubeide_1.10.1/stm32cubeide/plugins/com.st.stm32cube.ide.mcu.externaltools.gnu-tools-for-stm32.10.3-2021.10.win32_1.0.200.202301161003/tools/bin/../lib/gcc/arm-none-eabi/10.3.1/../../../../arm-none-eabi/lib/thumb/v7-m/nofp\libc_nano.a(lib_a-memset.o)
                              c:/st/stm32cubeide_1.10.1/stm32cubeide/plugins/com.st.stm32cube.ide.mcu.externaltools.gnu-tools-for-stm32.10.3-2021.10.win32_1.0.200.202301161003/tools/bin/../lib/gcc/arm-none-eabi/10.3.1/../../../../arm-none-eabi/lib/thumb/v7-m/nofp/rdimon-crt0.o (memset)
[...]
Memory Configuration

Name             Origin             Length             Attributes
RAM              0x0000000020000000 0x0000000000005000 xrw
FLASH            0x0000000008000000 0x0000000000010000 xr
*default*        0x0000000000000000 0xffffffffffffffff

Linker script and memory map

LOAD c:/st/stm32cubeide_1.10.1/stm32cubeide/plugins/com.st.stm32cube.ide.mcu.externaltools.gnu-tools-for-stm32.10.3-2021.10.win32_1.0.200.202301161003/tools/bin/../lib/gcc/arm-none-eabi/10.3.1/thumb/v7-m/nofp/crti.o
LOAD c:/st/stm32cubeide_1.10.1/stm32cubeide/plugins/com.st.stm32cube.ide.mcu.externaltools.gnu-tools-for-stm32.10.3-2021.10.win32_1.0.200.202301161003/tools/bin/../lib/gcc/arm-none-eabi/10.3.1/thumb/v7-m/nofp/crtbegin.o
LOAD c:/st/stm32cubeide_1.10.1/stm32cubeide/plugins/com.st.stm32cube.ide.mcu.externaltools.gnu-tools-for-stm32.10.3-2021.10.win32_1.0.200.202301161003/tools/bin/../lib/gcc/arm-none-eabi/10.3.1/../../../../arm-none-eabi/lib/thumb/v7-m/nofp/rdimon-crt0.o
LOAD ./BluePill Drivers/CURT_AFIO/CURT_AFIO_source/AFIO.o
LOAD ./BluePill Drivers/CURT_CAN/CURT_CAN_sources/CAN_source.o
LOAD ./BluePill Drivers/CURT_GPIO/CURT_GPIO_sources/GPIO_SOURCE.o
LOAD ./BluePill Drivers/CURT_NVIC/CURT_NVIC_sources/NVIC_source.o
LOAD ./BluePill Drivers/CURT_RCC/CURT_RCC_sources/RCC_source.o
LOAD ./BluePill Drivers/CURT_Systick/CURT_Systick_sources/SYSTICK.o
LOAD ./BluePill Drivers/CURT_USART/CURT_USART_sources/USART_source.o
LOAD ./Src/main.o
LOAD ./Src/sysmem.o
LOAD ./Startup/startup_stm32f103c8tx.o
LOAD c:/st/stm32cubeide_1.10.1/stm32cubeide/plugins/com.st.stm32cube.ide.mcu.externaltools.gnu-tools-for-stm32.10.3-2021.10.win32_1.0.200.202301161003/tools/bin/../lib/gcc/arm-none-eabi/10.3.1/../../../../arm-none-eabi/lib/thumb/v7-m/nofp\librdimon_nano.a
START GROUP
LOAD c:/st/stm32cubeide_1.10.1/stm32cubeide/plugins/com.st.stm32cube.ide.mcu.externaltools.gnu-tools-for-stm32.10.3-2021.10.win32_1.0.200.202301161003/tools/bin/../lib/gcc/arm-none-eabi/10.3.1/../../../../arm-none-eabi/lib/thumb/v7-m/nofp\libc_nano.a
LOAD c:/st/stm32cubeide_1.10.1/stm32cubeide/plugins/com.st.stm32cube.ide.mcu.externaltools.gnu-tools-for-stm32.10.3-2021.10.win32_1.0.200.202301161003/tools/bin/../lib/gcc/arm-none-eabi/10.3.1/../../../../arm-none-eabi/lib/thumb/v7-m/nofp\libm.a
END GROUP
START GROUP
LOAD c:/st/stm32cubeide_1.10.1/stm32cubeide/plugins/com.st.stm32cube.ide.mcu.externaltools.gnu-tools-for-stm32.10.3-2021.10.win32_1.0.200.202301161003/tools/bin/../lib/gcc/arm-none-eabi/10.3.1/thumb/v7-m/nofp\libgcc.a
LOAD c:/st/stm32cubeide_1.10.1/stm32cubeide/plugins/com.st.stm32cube.ide.mcu.externaltools.gnu-tools-for-stm32.10.3-2021.10.win32_1.0.200.202301161003/tools/bin/../lib/gcc/arm-none-eabi/10.3.1/../../../../arm-none-eabi/lib/thumb/v7-m/nofp\libc_nano.a
END GROUP
START GROUP
LOAD c:/st/stm32cubeide_1.10.1/stm32cubeide/plugins/com.st.stm32cube.ide.mcu.externaltools.gnu-tools-for-stm32.10.3-2021.10.win32_1.0.200.202301161003/tools/bin/../lib/gcc/arm-none-eabi/10.3.1/thumb/v7-m/nofp\libgcc.a
LOAD c:/st/stm32cubeide_1.10.1/stm32cubeide/plugins/com.st.stm32cube.ide.mcu.externaltools.gnu-tools-for-stm32.10.3-2021.10.win32_1.0.200.202301161003/tools/bin/../lib/gcc/arm-none-eabi/10.3.1/../../../../arm-none-eabi/lib/thumb/v7-m/nofp\libc_nano.a
LOAD c:/st/stm32cubeide_1.10.1/stm32cubeide/plugins/com.st.stm32cube.ide.mcu.externaltools.gnu-tools-for-stm32.10.3-2021.10.win32_1.0.200.202301161003/tools/bin/../lib/gcc/arm-none-eabi/10.3.1/../../../../arm-none-eabi/lib/thumb/v7-m/nofp\libnosys.a
END GROUP
START GROUP
LOAD c:/st/stm32cubeide_1.10.1/stm32cubeide/plugins/com.st.stm32cube.ide.mcu.externaltools.gnu-tools-for-stm32.10.3-2021.10.win32_1.0.200.202301161003/tools/bin/../lib/gcc/arm-none-eabi/10.3.1/thumb/v7-m/nofp\libgcc.a
LOAD c:/st/stm32cubeide_1.10.1/stm32cubeide/plugins/com.st.stm32cube.ide.mcu.externaltools.gnu-tools-for-stm32.10.3-2021.10.win32_1.0.200.202301161003/tools/bin/../lib/gcc/arm-none-eabi/10.3.1/../../../../arm-none-eabi/lib/thumb/v7-m/nofp\libc_nano.a
LOAD c:/st/stm32cubeide_1.10.1/stm32cubeide/plugins/com.st.stm32cube.ide.mcu.externaltools.gnu-tools-for-stm32.10.3-2021.10.win32_1.0.200.202301161003/tools/bin/../lib/gcc/arm-none-eabi/10.3.1/../../../../arm-none-eabi/lib/thumb/v7-m/nofp\librdimon_nano.a
END GROUP
START GROUP
LOAD c:/st/stm32cubeide_1.10.1/stm32cubeide/plugins/com.st.stm32cube.ide.mcu.externaltools.gnu-tools-for-stm32.10.3-2021.10.win32_1.0.200.202301161003/tools/bin/../lib/gcc/arm-none-eabi/10.3.1/thumb/v7-m/nofp\libgcc.a
LOAD c:/st/stm32cubeide_1.10.1/stm32cubeide/plugins/com.st.stm32cube.ide.mcu.externaltools.gnu-tools-for-stm32.10.3-2021.10.win32_1.0.200.202301161003/tools/bin/../lib/gcc/arm-none-eabi/10.3.1/../../../../arm-none-eabi/lib/thumb/v7-m/nofp\libc_nano.a
LOAD c:/st/stm32cubeide_1.10.1/stm32cubeide/plugins/com.st.stm32cube.ide.mcu.externaltools.gnu-tools-for-stm32.10.3-2021.10.win32_1.0.200.202301161003/tools/bin/../lib/gcc/arm-none-eabi/10.3.1/../../../../arm-none-eabi/lib/thumb/v7-m/nofp\librdimon_nano.a
LOAD c:/st/stm32cubeide_1.10.1/stm32cubeide/plugins/com.st.stm32cube.ide.mcu.externaltools.gnu-tools-for-stm32.10.3-2021.10.win32_1.0.200.202301161003/tools/bin/../lib/gcc/arm-none-eabi/10.3.1/../../../../arm-none-eabi/lib/thumb/v7-m/nofp\libnosys.a
END GROUP
LOAD c:/st/stm32cubeide_1.10.1/stm32cubeide/plugins/com.st.stm32cube.ide.mcu.externaltools.gnu-tools-for-stm32.10.3-2021.10.win32_1.0.200.202301161003/tools/bin/../lib/gcc/arm-none-eabi/10.3.1/thumb/v7-m/nofp/crtend.o
LOAD c:/st/stm32cubeide_1.10.1/stm32cubeide/plugins/com.st.stm32cube.ide.mcu.externaltools.gnu-tools-for-stm32.10.3-2021.10.win32_1.0.200.202301161003/tools/bin/../lib/gcc/arm-none-eabi/10.3.1/thumb/v7-m/nofp/crtn.o
                0x0000000020005000                _estack = (ORIGIN (RAM) + LENGTH (RAM))
                0x0000000000000200                _Min_Heap_Size = 0x200
                0x0000000000000400                _Min_Stack_Size = 0x400

.isr_vector     0x0000000008000000      0x130
                0x0000000008000000                . = ALIGN (0x4)
 *(.isr_vector)
 .isr_vector    0x0000000008000000      0x130 ./Startup/startup_stm32f103c8tx.o
                0x0000000008000000                g_pfnVectors
                0x0000000008000130                . = ALIGN (0x4)

.text           0x0000000008000130     0x15f0
                0x0000000008000130                . = ALIGN (0x4)
 *(.text)
 .text          0x0000000008000130       0x40 c:/st/stm32cubeide_1.10.1/stm32cubeide/plugins/com.st.stm32cube.ide.mcu.externaltools.gnu-tools-for-stm32.10.3-2021.10.win32_1.0.200.202301161003/tools/bin/../lib/gcc/arm-none-eabi/10.3.1/thumb/v7-m/nofp/crtbegin.o
 *(.text*)
 .text.CAN_init
                0x0000000008000170      0x178 ./BluePill Drivers/CURT_CAN/CURT_CAN_sources/CAN_source.o
                0x0000000008000170                CAN_init
 .text.CAN_setMode
                0x00000000080002e8       0xac ./BluePill Drivers/CURT_CAN/CURT_CAN_sources/CAN_source.o
                0x00000000080002e8                CAN_setMode
 .text.CAN_initFilter
                0x0000000008000394      0x284 ./BluePill Drivers/CURT_CAN/CURT_CAN_sources/CAN_source.o
                0x0000000008000394                CAN_initFilter
 .text.CAN_setSlaveStartBank
                0x0000000008000618       0x4c ./BluePill Drivers/CURT_CAN/CURT_CAN_sources/CAN_source.o
                0x0000000008000618                CAN_setSlaveStartBank
 .text.CAN_transmit
                0x0000000008000664      0x160 ./BluePill Drivers/CURT_CAN/CURT_CAN_sources/CAN_source.o
                0x0000000008000664                CAN_transmit
 .text.CAN_receive
                0x00000000080007c4      0x1c2 ./BluePill Drivers/CURT_CAN/CURT_CAN_sources/CAN_source.o
                0x00000000080007c4                CAN_receive
 .text.CAN_formatIdentifierIntoFRx
                0x0000000008000986      0x192 ./BluePill Drivers/CURT_CAN/CURT_CAN_sources/CAN_source.o
                0x0000000008000986                CAN_formatIdentifierIntoFRx
 .text.CAN_appendDeviceToBus
                0x0000000008000b18      0x1cc ./BluePill Drivers/CURT_CAN/CURT_CAN_sources/CAN_source.o
                0x0000000008000b18                CAN_appendDeviceToBus
 .text.CAN_receiveMessage
                0x0000000008000ce4       0xcc ./BluePill Drivers/CURT_CAN/CURT_CAN_sources/CAN_source.o
                0x0000000008000ce4                CAN_receiveMessage
 .text.USB_HP_CAN_TX_IRQHandler
                0x0000000008000db0       0x38 ./BluePill Drivers/CURT_CAN/CURT_CAN_sources/CAN_source.o
                0x0000000008000db0                USB_HP_CAN_TX_IRQHandler
 .text.USB_LP_CAN_RX0_IRQHandler
                0x0000000008000de8       0x8c ./BluePill Drivers/CURT_CAN/CURT_CAN_sources/CAN_source.o
                0x0000000008000de8                USB_LP_CAN_RX0_IRQHandler
 .text.CAN_RX1_IRQHandler
                0x0000000008000e74       0x98 ./BluePill Drivers/CURT_CAN/CURT_CAN_sources/CAN_source.o
                0x0000000008000e74                CAN_RX1_IRQHandler
 .text.CAN_SCE_IRQHandler
                0x0000000008000f0c       0x1c ./BluePill Drivers/CURT_CAN/CURT_CAN_sources/CAN_source.o
                0x0000000008000f0c                CAN_SCE_IRQHandler
 .text.GPIO_setupPinMode
                0x0000000008000f28      0x1a0 ./BluePill Drivers/CURT_GPIO/CURT_GPIO_sources/GPIO_SOURCE.o
                0x0000000008000f28                GPIO_setupPinMode
 .text.GPIO_setPinValue
                0x00000000080010c8       0xdc ./BluePill Drivers/CURT_GPIO/CURT_GPIO_sources/GPIO_SOURCE.o
                0x00000000080010c8                GPIO_setPinValue
 .text.GPIO_togglePinValue
                0x00000000080011a4       0x88 ./BluePill Drivers/CURT_GPIO/CURT_GPIO_sources/GPIO_SOURCE.o
                0x00000000080011a4                GPIO_togglePinValue
 .text.GPIO_enablePortClock
                0x000000000800122c       0x46 ./BluePill Drivers/CURT_GPIO/CURT_GPIO_sources/GPIO_SOURCE.o
                0x000000000800122c                GPIO_enablePortClock
 *fill*         0x0000000008001272        0x2 
 .text.RCC_voidInitSysClock
                0x0000000008001274       0x50 ./BluePill Drivers/CURT_RCC/CURT_RCC_sources/RCC_source.o
                0x0000000008001274                RCC_voidInitSysClock
 .text.RCC_voidEnableClock
                0x00000000080012c4       0x7c ./BluePill Drivers/CURT_RCC/CURT_RCC_sources/RCC_source.o
                0x00000000080012c4                RCC_voidEnableClock
 .text.STK_init
                0x0000000008001340       0x44 ./BluePill Drivers/CURT_Systick/CURT_Systick_sources/SYSTICK.o
                0x0000000008001340                STK_init
 .text.STK_stopInterval
                0x0000000008001384       0x3c ./BluePill Drivers/CURT_Systick/CURT_Systick_sources/SYSTICK.o
                0x0000000008001384                STK_stopInterval
 .text.SysTick_Handler
                0x00000000080013c0       0x78 ./BluePill Drivers/CURT_Systick/CURT_Systick_sources/SYSTICK.o
                0x00000000080013c0                SysTick_Handler
 .text.MUSART_voidInit
                0x0000000008001438       0x98 ./BluePill Drivers/CURT_USART/CURT_USART_sources/USART_source.o
                0x0000000008001438                MUSART_voidInit
 .text.MUSART_voidSendChar
                0x00000000080014d0       0x36 ./BluePill Drivers/CURT_USART/CURT_USART_sources/USART_source.o
                0x00000000080014d0                MUSART_voidSendChar
 *fill*         0x0000000008001506        0x2 
 .text.dumb_delay
                0x0000000008001508       0x2c ./Src/main.o
                0x0000000008001508                dumb_delay
 .text.toggle_led
                0x0000000008001534       0x2e ./Src/main.o
                0x0000000008001534                toggle_led
 .text.initCorePeriph
                0x0000000008001562       0x10 ./Src/main.o
                0x0000000008001562                initCorePeriph
 .text.initGPIOPeriph
                0x0000000008001572       0x22 ./Src/main.o
                0x0000000008001572                initGPIOPeriph
 .text.initCANPeriph
                0x0000000008001594       0x2c ./Src/main.o
                0x0000000008001594                initCANPeriph
 .text.initUSART
                0x00000000080015c0       0x34 ./Src/main.o
                0x00000000080015c0                initUSART
 .text.main     0x00000000080015f4       0x78 ./Src/main.o
                0x00000000080015f4                main
 .text.Reset_Handler
                0x000000000800166c       0x50 ./Startup/startup_stm32f103c8tx.o
                0x000000000800166c                Reset_Handler
 .text.Default_Handler
                0x00000000080016bc        0x2 ./Startup/startup_stm32f103c8tx.o
                0x00000000080016bc                EXTI2_IRQHandler
                0x00000000080016bc                TIM8_TRG_COM_IRQHandler
                0x00000000080016bc                TIM8_CC_IRQHandler
                0x00000000080016bc                DebugMon_Handler
                0x00000000080016bc                TIM1_CC_IRQHandler
                0x00000000080016bc                HardFault_Handler
                0x00000000080016bc                TIM6_IRQHandler
                0x00000000080016bc                PVD_IRQHandler
                0x00000000080016bc                SDIO_IRQHandler
                0x00000000080016bc                PendSV_Handler
                0x00000000080016bc                NMI_Handler
                0x00000000080016bc                EXTI3_IRQHandler
                0x00000000080016bc                EXTI0_IRQHandler
                0x00000000080016bc                I2C2_EV_IRQHandler
                0x00000000080016bc                UsageFault_Handler
                0x00000000080016bc                ADC1_2_IRQHandler
                0x00000000080016bc                SPI1_IRQHandler
                0x00000000080016bc                TAMPER_IRQHandler
                0x00000000080016bc                TIM8_UP_IRQHandler
                0x00000000080016bc                DMA2_Channel2_IRQHandler
                0x00000000080016bc                DMA1_Channel4_IRQHandler
                0x00000000080016bc                USART3_IRQHandler
                0x00000000080016bc                RTC_IRQHandler
                0x00000000080016bc                DMA1_Channel7_IRQHandler
                0x00000000080016bc                UART5_IRQHandler
                0x00000000080016bc                ADC3_IRQHandler
                0x00000000080016bc                TIM4_IRQHandler
                0x00000000080016bc                DMA2_Channel1_IRQHandler
                0x00000000080016bc                I2C1_EV_IRQHandler
                0x00000000080016bc                DMA1_Channel6_IRQHandler
                0x00000000080016bc                UART4_IRQHandler
                0x00000000080016bc                TIM3_IRQHandler
                0x00000000080016bc                RCC_IRQHandler
                0x00000000080016bc                TIM1_TRG_COM_IRQHandler
                0x00000000080016bc                DMA1_Channel1_IRQHandler
                0x00000000080016bc                Default_Handler
                0x00000000080016bc                EXTI15_10_IRQHandler
                0x00000000080016bc                TIM7_IRQHandler
                0x00000000080016bc                TIM5_IRQHandler
                0x00000000080016bc                EXTI9_5_IRQHandler
                0x00000000080016bc                SPI2_IRQHandler
                0x00000000080016bc                MemManage_Handler
                0x00000000080016bc                SVC_Handler
                0x00000000080016bc                DMA1_Channel5_IRQHandler
                0x00000000080016bc                EXTI4_IRQHandler
                0x00000000080016bc                DMA1_Channel3_IRQHandler
                0x00000000080016bc                FSMC_IRQHandler
                0x00000000080016bc                TIM1_UP_IRQHandler
                0x00000000080016bc                WWDG_IRQHandler
                0x00000000080016bc                TIM2_IRQHandler
                0x00000000080016bc                TIM1_BRK_IRQHandler
                0x00000000080016bc                EXTI1_IRQHandler
                0x00000000080016bc                RTCAlarm_IRQHandler
                0x00000000080016bc                DMA2_Channel4_5_IRQHandler
                0x00000000080016bc                USART2_IRQHandler
                0x00000000080016bc                I2C2_ER_IRQHandler
                0x00000000080016bc                DMA1_Channel2_IRQHandler
                0x00000000080016bc                TIM8_BRK_IRQHandler
                0x00000000080016bc                FLASH_IRQHandler
                0x00000000080016bc                BusFault_Handler
                0x00000000080016bc                USART1_IRQHandler
                0x00000000080016bc                SPI3_IRQHandler
                0x00000000080016bc                I2C1_ER_IRQHandler
                0x00000000080016bc                DMA2_Channel3_IRQHandler
 *fill*         0x00000000080016be        0x2 
 .text.__libc_init_array
                0x00000000080016c0       0x48 c:/st/stm32cubeide_1.10.1/stm32cubeide/plugins/com.st.stm32cube.ide.mcu.externaltools.gnu-tools-for-stm32.10.3-2021.10.win32_1.0.200.202301161003/tools/bin/../lib/gcc/arm-none-eabi/10.3.1/../../../../arm-none-eabi/lib/thumb/v7-m/nofp\libc_nano.a(lib_a-init.o)
                0x00000000080016c0                __libc_init_array
 *(.glue_7)
 .glue_7        0x0000000008001708        0x0 linker stubs
 *(.glue_7t)
 .glue_7t       0x0000000008001708        0x0 linker stubs
 *(.eh_frame)
 .eh_frame      0x0000000008001708        0x0 c:/st/stm32cubeide_1.10.1/stm32cubeide/plugins/com.st.stm32cube.ide.mcu.externaltools.gnu-tools-for-stm32.10.3-2021.10.win32_1.0.200.202301161003/tools/bin/../lib/gcc/arm-none-eabi/10.3.1/thumb/v7-m/nofp/crtbegin.o
 *(.init)
 .init          0x0000000008001708        0x4 c:/st/stm32cubeide_1.10.1/stm32cubeide/plugins/com.st.stm32cube.ide.mcu.externaltools.gnu-tools-for-stm32.10.3-2021.10.win32_1.0.200.202301161003/tools/bin/../lib/gcc/arm-none-eabi/10.3.1/thumb/v7-m/nofp/crti.o
                0x0000000008001708                _init
 .init          0x000000000800170c        0x8 c:/st/stm32cubeide_1.10.1/stm32cubeide/plugins/com.st.stm32cube.ide.mcu.externaltools.gnu-tools-for-stm32.10.3-2021.10.win32_1.0.200.202301161003/tools/bin/../lib/gcc/arm-none-eabi/10.3.1/thumb/v7-m/nofp/crtn.o
 *(.fini)
 .fini          0x0000000008001714        0x4 c:/st/stm32cubeide_1.10.1/stm32cubeide/plugins/com.st.stm32cube.ide.mcu.externaltools.gnu-tools-for-stm32.10.3-2021.10.win32_1.0.200.202301161003/tools/bin/../lib/gcc/arm-none-eabi/10.3.1/thumb/v7-m/nofp/crti.o
                0x0000000008001714                _fini
 .fini          0x0000000008001718        0x8 c:/st/stm32cubeide_1.10.1/stm32cubeide/plugins/com.st.stm32cube.ide.mcu.externaltools.gnu-tools-for-stm32.10.3-2021.10.win32_1.0.200.202301161003/tools/bin/../lib/gcc/arm-none-eabi/10.3.1/thumb/v7-m/nofp/crtn.o
                0x0000000008001720                . = ALIGN (0x4)
                0x0000000008001720                _etext = .

.vfp11_veneer   0x0000000008001720        0x0
 .vfp11_veneer  0x0000000008001720        0x0 linker stubs

.v4_bx          0x0000000008001720        0x0
 .v4_bx         0x0000000008001720        0x0 linker stubs

.iplt           0x0000000008001720        0x0
 .iplt          0x0000000008001720        0x0 c:/st/stm32cubeide_1.10.1/stm32cubeide/plugins/com.st.stm32cube.ide.mcu.externaltools.gnu-tools-for-stm32.10.3-2021.10.win32_1.0.200.202301161003/tools/bin/../lib/gcc/arm-none-eabi/10.3.1/thumb/v7-m/nofp/crtbegin.o

.rodata         0x0000000008001720        0xc
                0x0000000008001720                . = ALIGN (0x4)
 *(.rodata)
 .rodata        0x0000000008001720        0xa ./Src/main.o
 *(.rodata*)
                0x000000000800172c                . = ALIGN (0x4)
 *fill*         0x000000000800172a        0x2 

.rel.dyn        0x000000000800172c        0x0
 .rel.iplt      0x000000000800172c        0x0 c:/st/stm32cubeide_1.10.1/stm32cubeide/plugins/com.st.stm32cube.ide.mcu.externaltools.gnu-tools-for-stm32.10.3-2021.10.win32_1.0.200.202301161003/tools/bin/../lib/gcc/arm-none-eabi/10.3.1/thumb/v7-m/nofp/crtbegin.o

.ARM.extab      0x000000000800172c        0x0
                0x000000000800172c                . = ALIGN (0x4)
 *(.ARM.extab* .gnu.linkonce.armextab.*)
                0x000000000800172c                . = ALIGN (0x4)

.ARM            0x000000000800172c        0x0
                0x000000000800172c                . = ALIGN (0x4)
                0x000000000800172c                __exidx_start = .
 *(.ARM.exidx*)
                0x000000000800172c                __exidx_end = .
                0x000000000800172c                . = ALIGN (0x4)

.preinit_array  0x000000000800172c        0x0
                0x000000000800172c                . = ALIGN (0x4)
                0x000000000800172c                PROVIDE (__preinit_array_start = .)
 *(.preinit_array*)
                0x000000000800172c                PROVIDE (__preinit_array_end = .)
                0x000000000800172c                . = ALIGN (0x4)

.init_array     0x000000000800172c        0x4
                0x000000000800172c                . = ALIGN (0x4)
                0x000000000800172c                PROVIDE (__init_array_start = .)
 *(SORT_BY_NAME(.init_array.*))
 *(.init_array*)
 .init_array    0x000000000800172c        0x4 c:/st/stm32cubeide_1.10.1/stm32cubeide/plugins/com.st.stm32cube.ide.mcu.externaltools.gnu-tools-for-stm32.10.3-2021.10.win32_1.0.200.202301161003/tools/bin/../lib/gcc/arm-none-eabi/10.3.1/thumb/v7-m/nofp/crtbegin.o
                0x0000000008001730                PROVIDE (__init_array_end = .)
                0x0000000008001730                . = ALIGN (0x4)

.fini_array     0x0000000008001730        0x4
                0x0000000008001730                . = ALIGN (0x4)
                [!provide]                        PROVIDE (__fini_array_start = .)
 *(SORT_BY_NAME(.fini_array.*))
 *(.fini_array*)
 .fini_array    0x0000000008001730        0x4 c:/st/stm32cubeide_1.10.1/stm32cubeide/plugins/com.st.stm32cube.ide.mcu.externaltools.gnu-tools-for-stm32.10.3-2021.10.win32_1.0.200.202301161003/tools/bin/../lib/gcc/arm-none-eabi/10.3.1/thumb/v7-m/nofp/crtbegin.o
                [!provide]                        PROVIDE (__fini_array_end = .)
                0x0000000008001734                . = ALIGN (0x4)
                0x0000000008001734                _sidata = LOADADDR (.data)

.data           0x0000000020000000        0x0 load address 0x0000000008001734
                0x0000000020000000                . = ALIGN (0x4)
                0x0000000020000000                _sdata = .
 *(.data)
 *(.data*)
 *(.RamFunc)
 *(.RamFunc*)
                0x0000000020000000                . = ALIGN (0x4)
                0x0000000020000000                _edata = .

.igot.plt       0x0000000020000000        0x0 load address 0x0000000008001734
 .igot.plt      0x0000000020000000        0x0 c:/st/stm32cubeide_1.10.1/stm32cubeide/plugins/com.st.stm32cube.ide.mcu.externaltools.gnu-tools-for-stm32.10.3-2021.10.win32_1.0.200.202301161003/tools/bin/../lib/gcc/arm-none-eabi/10.3.1/thumb/v7-m/nofp/crtbegin.o
                0x0000000020000000                . = ALIGN (0x4)

.bss            0x0000000020000000       0x60 load address 0x0000000008001734
                0x0000000020000000                _sbss = .
                0x0000000020000000                __bss_start__ = _sbss
 *(.bss)
 .bss           0x0000000020000000       0x1c c:/st/stm32cubeide_1.10.1/stm32cubeide/plugins/com.st.stm32cube.ide.mcu.externaltools.gnu-tools-for-stm32.10.3-2021.10.win32_1.0.200.202301161003/tools/bin/../lib/gcc/arm-none-eabi/10.3.1/thumb/v7-m/nofp/crtbegin.o
 *(.bss*)
 .bss.CAN_devicesCount
                0x000000002000001c        0x1 ./BluePill Drivers/CURT_CAN/CURT_CAN_sources/CAN_source.o
 *fill*         0x000000002000001d        0x3 
 .bss.p_CANTxMsg
                0x0000000020000020       0x14 ./BluePill Drivers/CURT_CAN/CURT_CAN_sources/CAN_source.o
 .bss.CAN_RxBuffer
                0x0000000020000034        0x4 ./BluePill Drivers/CURT_CAN/CURT_CAN_sources/CAN_source.o
 .bss.CAN_RxSize
                0x0000000020000038        0x4 ./BluePill Drivers/CURT_CAN/CURT_CAN_sources/CAN_source.o
 .bss.CAN_RxID  0x000000002000003c        0x4 ./BluePill Drivers/CURT_CAN/CURT_CAN_sources/CAN_source.o
 .bss.CAN_transmit_CallbackPtr
                0x0000000020000040        0x4 ./BluePill Drivers/CURT_CAN/CURT_CAN_sources/CAN_source.o
 .bss.CAN_FIFO0_CallbackPtr
                0x0000000020000044        0x4 ./BluePill Drivers/CURT_CAN/CURT_CAN_sources/CAN_source.o
 .bss.CAN_FIFO1_CallbackPtr
                0x0000000020000048        0x4 ./BluePill Drivers/CURT_CAN/CURT_CAN_sources/CAN_source.o
 .bss.CAN_Status_CallbackPtr
                0x000000002000004c        0x4 ./BluePill Drivers/CURT_CAN/CURT_CAN_sources/CAN_source.o
 .bss.STK_modeOfInterval
                0x0000000020000050        0x1 ./BluePill Drivers/CURT_Systick/CURT_Systick_sources/SYSTICK.o
 *fill*         0x0000000020000051        0x3 
 .bss.STK_callBack
                0x0000000020000054        0x4 ./BluePill Drivers/CURT_Systick/CURT_Systick_sources/SYSTICK.o
 .bss.STK_ticksGoal
                0x0000000020000058        0x4 ./BluePill Drivers/CURT_Systick/CURT_Systick_sources/SYSTICK.o
 .bss.STK_ticks
                0x000000002000005c        0x4 ./BluePill Drivers/CURT_Systick/CURT_Systick_sources/SYSTICK.o
 *(COMMON)
                0x0000000020000060                . = ALIGN (0x4)
                0x0000000020000060                _ebss = .
                0x0000000020000060                __bss_end__ = _ebss

._user_heap_stack
                0x0000000020000060      0x600 load address 0x0000000008001734
                0x0000000020000060                . = ALIGN (0x8)
                0x0000000020000060                PROVIDE (end = .)
                0x0000000020000060                PROVIDE (_end = .)
                0x0000000020000260                . = (. + _Min_Heap_Size)
 *fill*         0x0000000020000060      0x200 
                0x0000000020000660                . = (. + _Min_Stack_Size)
 *fill*         0x0000000020000260      0x400 
                0x0000000020000660                . = ALIGN (0x8)

/DISCARD/
 libc.a(*)
 libm.a(*)
 libgcc.a(*)

.ARM.attributes
                0x0000000000000000       0x29
 *(.ARM.attributes)
 .ARM.attributes
                0x0000000000000000       0x1d c:/st/stm32cubeide_1.10.1/stm32cubeide/plugins/com.st.stm32cube.ide.mcu.externaltools.gnu-tools-for-stm32.10.3-2021.10.win32_1.0.200.202301161003/tools/bin/../lib/gcc/arm-none-eabi/10.3.1/thumb/v7-m/nofp/crti.o
 .ARM.attributes
                0x000000000000001d       0x2d c:/st/stm32cubeide_1.10.1/stm32cubeide/plugins/com.st.stm32cube.ide.mcu.externaltools.gnu-tools-for-stm32.10.3-2021.10.win32_1.0.200.202301161003/tools/bin/../lib/gcc/arm-none-eabi/10.3.1/thumb/v7-m/nofp/crtbegin.o
 .ARM.attributes
                0x000000000000004a       0x2d ./BluePill Drivers/CURT_CAN/CURT_CAN_sources/CAN_source.o
 .ARM.attributes
                0x0000000000000077       0x2d ./BluePill Drivers/CURT_GPIO/CURT_GPIO_sources/GPIO_SOURCE.o
 .ARM.attributes
                0x00000000000000a4       0x2d ./BluePill Drivers/CURT_RCC/CURT_RCC_sources/RCC_source.o
 .ARM.attributes
                0x00000000000000d1       0x2d ./BluePill Drivers/CURT_Systick/CURT_Systick_sources/SYSTICK.o
 .ARM.attributes
                0x00000000000000fe       0x2d ./BluePill Drivers/CURT_USART/CURT_USART_sources/USART_source.o
 .ARM.attributes
                0x000000000000012b       0x2d ./Src/main.o
 .ARM.attributes
                0x0000000000000158       0x21 ./Startup/startup_stm32f103c8tx.o
 .ARM.attributes
                0x0000000000000179       0x2d c:/st/stm32cubeide_1.10.1/stm32cubeide/plugins/com.st.stm32cube.ide.mcu.externaltools.gnu-tools-for-stm32.10.3-2021.10.win32_1.0.200.202301161003/tools/bin/../lib/gcc/arm-none-eabi/10.3.1/../../../../arm-none-eabi/lib/thumb/v7-m/nofp\libc_nano.a(lib_a-init.o)
 .ARM.attributes
                0x00000000000001a6       0x1d c:/st/stm32cubeide_1.10.1/stm32cubeide/plugins/com.st.stm32cube.ide.mcu.externaltools.gnu-tools-for-stm32.10.3-2021.10.win32_1.0.200.202301161003/tools/bin/../lib/gcc/arm-none-eabi/10.3.1/thumb/v7-m/nofp/crtn.o
OUTPUT(BMS_CAN.elf elf32-littlearm)
LOAD linker stubs
LOAD c:/st/stm32cubeide_1.10.1/stm32cubeide/plugins/com.st.stm32cube.ide.mcu.externaltools.gnu-tools-for-stm32.10.3-2021.10.win32_1.0.200.202301161003/tools/bin/../lib/gcc/arm-none-eabi/10.3.1/../../../../arm-none-eabi/lib/thumb/v7-m/nofp\libc.a
LOAD c:/st/stm32cubeide_1.10.1/stm32cubeide/plugins/com.st.stm32cube.ide.mcu.externaltools.gnu-tools-for-stm32.10.3-2021.10.win32_1.0.200.202301161003/tools/bin/../lib/gcc/arm-none-eabi/10.3.1/../../../../arm-none-eabi/lib/thumb/v7-m/nofp\libm.a
LOAD c:/st/stm32cubeide_1.10.1/stm32cubeide/plugins/com.st.stm32cube.ide.mcu.externaltools.gnu-tools-for-stm32.10.3-2021.10.win32_1.0.200.202301161003/tools/bin/../lib/gcc/arm-none-eabi/10.3.1/thumb/v7-m/nofp\libgcc.a

.debug_info     0x0000000000000000     0x26a3
 .debug_info    0x0000000000000000     0x1206 ./BluePill Drivers/CURT_CAN/CURT_CAN_sources/CAN_source.o
 .debug_info    0x0000000000001206      0x45f ./BluePill Drivers/CURT_GPIO/CURT_GPIO_sources/GPIO_SOURCE.o
 .debug_info    0x0000000000001665      0x2d7 ./BluePill Drivers/CURT_RCC/CURT_RCC_sources/RCC_source.o
 .debug_info    0x000000000000193c      0x27d ./BluePill Drivers/CURT_Systick/CURT_Systick_sources/SYSTICK.o
 .debug_info    0x0000000000001bb9      0x35b ./BluePill Drivers/CURT_USART/CURT_USART_sources/USART_source.o
 .debug_info    0x0000000000001f14      0x76d ./Src/main.o
 .debug_info    0x0000000000002681       0x22 ./Startup/startup_stm32f103c8tx.o

.debug_abbrev   0x0000000000000000      0xa6e
 .debug_abbrev  0x0000000000000000      0x2c1 ./BluePill Drivers/CURT_CAN/CURT_CAN_sources/CAN_source.o
 .debug_abbrev  0x00000000000002c1      0x194 ./BluePill Drivers/CURT_GPIO/CURT_GPIO_sources/GPIO_SOURCE.o
 .debug_abbrev  0x0000000000000455      0x127 ./BluePill Drivers/CURT_RCC/CURT_RCC_sources/RCC_source.o
 .debug_abbrev  0x000000000000057c      0x157 ./BluePill Drivers/CURT_Systick/CURT_Systick_sources/SYSTICK.o
 .debug_abbrev  0x00000000000006d3      0x1a7 ./BluePill Drivers/CURT_USART/CURT_USART_sources/USART_source.o
 .debug_abbrev  0x000000000000087a      0x1e2 ./Src/main.o
 .debug_abbrev  0x0000000000000a5c       0x12 ./Startup/startup_stm32f103c8tx.o

.debug_aranges  0x0000000000000000      0x288
 .debug_aranges
                0x0000000000000000       0xc0 ./BluePill Drivers/CURT_CAN/CURT_CAN_sources/CAN_source.o
 .debug_aranges
                0x00000000000000c0       0x78 ./BluePill Drivers/CURT_GPIO/CURT_GPIO_sources/GPIO_SOURCE.o
 .debug_aranges
                0x0000000000000138       0x38 ./BluePill Drivers/CURT_RCC/CURT_RCC_sources/RCC_source.o
 .debug_aranges
                0x0000000000000170       0x58 ./BluePill Drivers/CURT_Systick/CURT_Systick_sources/SYSTICK.o
 .debug_aranges
                0x00000000000001c8       0x48 ./BluePill Drivers/CURT_USART/CURT_USART_sources/USART_source.o
 .debug_aranges
                0x0000000000000210       0x50 ./Src/main.o
 .debug_aranges
                0x0000000000000260       0x28 ./Startup/startup_stm32f103c8tx.o

.debug_ranges   0x0000000000000000      0x220
 .debug_ranges  0x0000000000000000       0xb0 ./BluePill Drivers/CURT_CAN/CURT_CAN_sources/CAN_source.o
 .debug_ranges  0x00000000000000b0       0x68 ./BluePill Drivers/CURT_GPIO/CURT_GPIO_sources/GPIO_SOURCE.o
 .debug_ranges  0x0000000000000118       0x28 ./BluePill Drivers/CURT_RCC/CURT_RCC_sources/RCC_source.o
 .debug_ranges  0x0000000000000140       0x48 ./BluePill Drivers/CURT_Systick/CURT_Systick_sources/SYSTICK.o
 .debug_ranges  0x0000000000000188       0x38 ./BluePill Drivers/CURT_USART/CURT_USART_sources/USART_source.o
 .debug_ranges  0x00000000000001c0       0x40 ./Src/main.o
 .debug_ranges  0x0000000000000200       0x20 ./Startup/startup_stm32f103c8tx.o

.debug_macro    0x0000000000000000      0x7ea
 .debug_macro   0x0000000000000000       0x7a ./BluePill Drivers/CURT_CAN/CURT_CAN_sources/CAN_source.o
 .debug_macro   0x000000000000007a       0x88 ./BluePill Drivers/CURT_CAN/CURT_CAN_sources/CAN_source.o
 .debug_macro   0x0000000000000102       0xb2 ./BluePill Drivers/CURT_CAN/CURT_CAN_sources/CAN_source.o
 .debug_macro   0x00000000000001b4      0x1c8 ./BluePill Drivers/CURT_CAN/CURT_CAN_sources/CAN_source.o
 .debug_macro   0x000000000000037c       0xf4 ./BluePill Drivers/CURT_CAN/CURT_CAN_sources/CAN_source.o
 .debug_macro   0x0000000000000470       0x5c ./BluePill Drivers/CURT_GPIO/CURT_GPIO_sources/GPIO_SOURCE.o
 .debug_macro   0x00000000000004cc       0x3a ./BluePill Drivers/CURT_GPIO/CURT_GPIO_sources/GPIO_SOURCE.o
 .debug_macro   0x0000000000000506       0x1c ./BluePill Drivers/CURT_GPIO/CURT_GPIO_sources/GPIO_SOURCE.o
 .debug_macro   0x0000000000000522       0x67 ./BluePill Drivers/CURT_RCC/CURT_RCC_sources/RCC_source.o
 .debug_macro   0x0000000000000589       0x64 ./BluePill Drivers/CURT_RCC/CURT_RCC_sources/RCC_source.o
 .debug_macro   0x00000000000005ed       0x48 ./BluePill Drivers/CURT_Systick/CURT_Systick_sources/SYSTICK.o
 .debug_macro   0x0000000000000635       0x22 ./BluePill Drivers/CURT_Systick/CURT_Systick_sources/SYSTICK.o
 .debug_macro   0x0000000000000657       0x10 ./BluePill Drivers/CURT_Systick/CURT_Systick_sources/SYSTICK.o
 .debug_macro   0x0000000000000667       0x10 ./BluePill Drivers/CURT_Systick/CURT_Systick_sources/SYSTICK.o
 .debug_macro   0x0000000000000677       0x43 ./BluePill Drivers/CURT_USART/CURT_USART_sources/USART_source.o
 .debug_macro   0x00000000000006ba       0x7c ./BluePill Drivers/CURT_USART/CURT_USART_sources/USART_source.o
 .debug_macro   0x0000000000000736       0x28 ./BluePill Drivers/CURT_USART/CURT_USART_sources/USART_source.o
 .debug_macro   0x000000000000075e       0x8c ./Src/main.o

.debug_line     0x0000000000000000     0x249b
 .debug_line    0x0000000000000000      0xe0f ./BluePill Drivers/CURT_CAN/CURT_CAN_sources/CAN_source.o
 .debug_line    0x0000000000000e0f      0x6e3 ./BluePill Drivers/CURT_GPIO/CURT_GPIO_sources/GPIO_SOURCE.o
 .debug_line    0x00000000000014f2      0x334 ./BluePill Drivers/CURT_RCC/CURT_RCC_sources/RCC_source.o
 .debug_line    0x0000000000001826      0x369 ./BluePill Drivers/CURT_Systick/CURT_Systick_sources/SYSTICK.o
 .debug_line    0x0000000000001b8f      0x34e ./BluePill Drivers/CURT_USART/CURT_USART_sources/USART_source.o
 .debug_line    0x0000000000001edd      0x53a ./Src/main.o
 .debug_line    0x0000000000002417       0x84 ./Startup/startup_stm32f103c8tx.o

.debug_str      0x0000000000000000     0x599f
 .debug_str     0x0000000000000000     0x4a35 ./BluePill Drivers/CURT_CAN/CURT_CAN_sources/CAN_source.o
                                       0x4ac0 (size before relaxing)
 .debug_str     0x0000000000004a35      0x2e9 ./BluePill Drivers/CURT_GPIO/CURT_GPIO_sources/GPIO_SOURCE.o
                                       0x37b3 (size before relaxing)
 .debug_str     0x0000000000004d1e      0x426 ./BluePill Drivers/CURT_RCC/CURT_RCC_sources/RCC_source.o
                                       0x38ef (size before relaxing)
 .debug_str     0x0000000000005144      0x2f9 ./BluePill Drivers/CURT_Systick/CURT_Systick_sources/SYSTICK.o
                                       0x3425 (size before relaxing)
 .debug_str     0x000000000000543d      0x4b2 ./BluePill Drivers/CURT_USART/CURT_USART_sources/USART_source.o
                                       0x35de (size before relaxing)
 .debug_str     0x00000000000058ef       0x7f ./Src/main.o
                                       0x3d9f (size before relaxing)
 .debug_str     0x000000000000596e       0x31 ./Startup/startup_stm32f103c8tx.o
                                         0x96 (size before relaxing)

.comment        0x0000000000000000       0x50
 .comment       0x0000000000000000       0x50 ./BluePill Drivers/CURT_CAN/CURT_CAN_sources/CAN_source.o
                                         0x51 (size before relaxing)
 .comment       0x0000000000000050       0x51 ./BluePill Drivers/CURT_GPIO/CURT_GPIO_sources/GPIO_SOURCE.o
 .comment       0x0000000000000050       0x51 ./BluePill Drivers/CURT_RCC/CURT_RCC_sources/RCC_source.o
 .comment       0x0000000000000050       0x51 ./BluePill Drivers/CURT_Systick/CURT_Systick_sources/SYSTICK.o
 .comment       0x0000000000000050       0x51 ./BluePill Drivers/CURT_USART/CURT_USART_sources/USART_source.o
 .comment       0x0000000000000050       0x51 ./Src/main.o

.debug_frame    0x0000000000000000      0x8ec
 .debug_frame   0x0000000000000000      0x328 ./BluePill Drivers/CURT_CAN/CURT_CAN_sources/CAN_source.o
 .debug_frame   0x0000000000000328      0x1ec ./BluePill Drivers/CURT_GPIO/CURT_GPIO_sources/GPIO_SOURCE.o
 .debug_frame   0x0000000000000514       0xa4 ./BluePill Drivers/CURT_RCC/CURT_RCC_sources/RCC_source.o
 .debug_frame   0x00000000000005b8      0x124 ./BluePill Drivers/CURT_Systick/CURT_Systick_sources/SYSTICK.o
 .debug_frame   0x00000000000006dc       0xf8 ./BluePill Drivers/CURT_USART/CURT_USART_sources/USART_source.o
 .debug_frame   0x00000000000007d4       0xec ./Src/main.o
 .debug_frame   0x00000000000008c0       0x2c c:/st/stm32cubeide_1.10.1/stm32cubeide/plugins/com.st.stm32cube.ide.mcu.externaltools.gnu-tools-for-stm32.10.3-2021.10.win32_1.0.200.202301161003/tools/bin/../lib/gcc/arm-none-eabi/10.3.1/../../../../arm-none-eabi/lib/thumb/v7-m/nofp\libc_nano.a(lib_a-init.o)
