C:/Users/h4z3m/Desktop/Files/College/CURT/STM32F103C8_Drivers/CURT23_Comm_iot/BluePill Drivers/CURT_CAN/CURT_CAN_sources/CAN_source.c:45:6:CAN_init	16	static
C:/Users/h4z3m/Desktop/Files/College/CURT/STM32F103C8_Drivers/CURT23_Comm_iot/BluePill Drivers/CURT_CAN/CURT_CAN_sources/CAN_source.c:172:6:CAN_setMode	16	static
C:/Users/h4z3m/Desktop/Files/College/CURT/STM32F103C8_Drivers/CURT23_Comm_iot/BluePill Drivers/CURT_CAN/CURT_CAN_sources/CAN_source.c:216:6:CAN_initFilter	16	static
C:/Users/h4z3m/Desktop/Files/College/CURT/STM32F103C8_Drivers/CURT23_Comm_iot/BluePill Drivers/CURT_CAN/CURT_CAN_sources/CAN_source.c:321:6:CAN_setSlaveStartBank	16	static
C:/Users/h4z3m/Desktop/Files/College/CURT/STM32F103C8_Drivers/CURT23_Comm_iot/BluePill Drivers/CURT_CAN/CURT_CAN_sources/CAN_source.c:336:1:CAN_transmit	24	static
C:/Users/h4z3m/Desktop/Files/College/CURT/STM32F103C8_Drivers/CURT23_Comm_iot/BluePill Drivers/CURT_CAN/CURT_CAN_sources/CAN_source.c:406:6:CAN_receive	24	static
C:/Users/h4z3m/Desktop/Files/College/CURT/STM32F103C8_Drivers/CURT23_Comm_iot/BluePill Drivers/CURT_CAN/CURT_CAN_sources/CAN_source.c:496:5:CAN_formatIdentifierIntoFRx	32	static
C:/Users/h4z3m/Desktop/Files/College/CURT/STM32F103C8_Drivers/CURT23_Comm_iot/BluePill Drivers/CURT_CAN/CURT_CAN_sources/CAN_source.c:607:1:CAN_appendDeviceToBus	56	static
C:/Users/h4z3m/Desktop/Files/College/CURT/STM32F103C8_Drivers/CURT23_Comm_iot/BluePill Drivers/CURT_CAN/CURT_CAN_sources/CAN_source.c:716:1:CAN_removeDeviceFromBus	32	static
C:/Users/h4z3m/Desktop/Files/College/CURT/STM32F103C8_Drivers/CURT23_Comm_iot/BluePill Drivers/CURT_CAN/CURT_CAN_sources/CAN_source.c:799:1:CAN_sendMessage_Interrupt	32	static
C:/Users/h4z3m/Desktop/Files/College/CURT/STM32F103C8_Drivers/CURT23_Comm_iot/BluePill Drivers/CURT_CAN/CURT_CAN_sources/CAN_source.c:830:1:CAN_receiveMessage_Interrupt	24	static
C:/Users/h4z3m/Desktop/Files/College/CURT/STM32F103C8_Drivers/CURT23_Comm_iot/BluePill Drivers/CURT_CAN/CURT_CAN_sources/CAN_source.c:846:1:CAN_sendMessage	56	static
C:/Users/h4z3m/Desktop/Files/College/CURT/STM32F103C8_Drivers/CURT23_Comm_iot/BluePill Drivers/CURT_CAN/CURT_CAN_sources/CAN_source.c:899:1:CAN_receiveMessage	48	static
C:/Users/h4z3m/Desktop/Files/College/CURT/STM32F103C8_Drivers/CURT23_Comm_iot/BluePill Drivers/CURT_CAN/CURT_CAN_sources/CAN_source.c:942:1:CAN_attachCallback	16	static
C:/Users/h4z3m/Desktop/Files/College/CURT/STM32F103C8_Drivers/CURT23_Comm_iot/BluePill Drivers/CURT_CAN/CURT_CAN_sources/CAN_source.c:993:1:CAN_detachCallback	16	static
C:/Users/h4z3m/Desktop/Files/College/CURT/STM32F103C8_Drivers/CURT23_Comm_iot/BluePill Drivers/CURT_CAN/CURT_CAN_sources/CAN_source.c:1041:1:CAN_activateInterrupt	16	static
C:/Users/h4z3m/Desktop/Files/College/CURT/STM32F103C8_Drivers/CURT23_Comm_iot/BluePill Drivers/CURT_CAN/CURT_CAN_sources/CAN_source.c:1077:1:CAN_deactivateInterrupt	16	static
C:/Users/h4z3m/Desktop/Files/College/CURT/STM32F103C8_Drivers/CURT23_Comm_iot/BluePill Drivers/CURT_CAN/CURT_CAN_sources/CAN_source.c:1114:6:USB_HP_CAN_TX_IRQHandler	8	static
C:/Users/h4z3m/Desktop/Files/College/CURT/STM32F103C8_Drivers/CURT23_Comm_iot/BluePill Drivers/CURT_CAN/CURT_CAN_sources/CAN_source.c:1127:6:USB_LP_CAN_RX0_IRQHandler	32	static
C:/Users/h4z3m/Desktop/Files/College/CURT/STM32F103C8_Drivers/CURT23_Comm_iot/BluePill Drivers/CURT_CAN/CURT_CAN_sources/CAN_source.c:1149:6:CAN_RX1_IRQHandler	32	static
C:/Users/h4z3m/Desktop/Files/College/CURT/STM32F103C8_Drivers/CURT23_Comm_iot/BluePill Drivers/CURT_CAN/CURT_CAN_sources/CAN_source.c:1174:6:CAN_SCE_IRQHandler	8	static
