19:43:55 **** Incremental Build of configuration Debug for project BMS_CAN ****
make -j16 all 
arm-none-eabi-gcc "../Src/main.c" -mcpu=cortex-m3 -std=gnu11 -g3 -DDEBUG -DSTM32 -DSTM32F1 -DSTM32F103C8Tx -c -I../Inc -I"C:/Users/h4z3m/Desktop/Files/College/CURT/STM32F103C8_Drivers/CURT23_Comm_iot/BluePill Drivers" -O0 -ffunction-sections -fdata-sections -Wall -fstack-usage -fcyclomatic-complexity -MMD -MP -MF"Src/main.d" -MT"Src/main.o" --specs=nano.specs -mfloat-abi=soft -mthumb -o "Src/main.o"
arm-none-eabi-gcc -o "BMS_CAN.elf" @"objects.list"  -lrdimon -mcpu=cortex-m3 -T"C:\Users\h4z3m\Desktop\Files\College\CURT\STM32F103C8_Drivers\CURT23_Comm_iot\Deployed\BMS_CAN\STM32F103C8TX_FLASH.ld" --specs=nosys.specs -Wl,-Map="BMS_CAN.map" -Wl,--gc-sections -static -specs=rdimon.specs --specs=nano.specs -mfloat-abi=soft -mthumb -Wl,--start-group -lc -lm -Wl,--end-group
Finished building target: BMS_CAN.elf
 
arm-none-eabi-size   BMS_CAN.elf 
arm-none-eabi-objdump -h -S  BMS_CAN.elf  > "BMS_CAN.list"
arm-none-eabi-objcopy  -O ihex  BMS_CAN.elf  "BMS_CAN.hex"
   text	   data	    bss	    dec	    hex	filename
   5736	      8	   1632	   7376	   1cd0	BMS_CAN.elf
arm-none-eabi-objcopy  -O binary  BMS_CAN.elf  "BMS_CAN.bin"
Finished building: default.size.stdout
 
Finished building: BMS_CAN.hex
Finished building: BMS_CAN.bin
Finished building: BMS_CAN.list
 
 
 

19:43:56 Build Finished. 0 errors, 0 warnings. (took 687ms)

