10:36:15 **** Build of configuration Debug for project EVMS_Second_Board_CubeMX ****
make -j16 all 
arm-none-eabi-size   EVMS_Second_Board_CubeMX.elf 
   text	   data	    bss	    dec	    hex	filename
  13748	     20	   1716	  15484	   3c7c	EVMS_Second_Board_CubeMX.elf
Finished building: default.size.stdout
 
10:44:33 **** Incremental Build of configuration Debug for project EVMS_First_board ****
make -j16 all 
arm-none-eabi-size   EVMS_First_board.elf 
   text	   data	    bss	    dec	    hex	filename
  13188	    104	   2344	  15636	   3d14	EVMS_First_board.elf
Finished building: default.size.stdout
 
10:44:34 **** Incremental Build of configuration Debug for project EVMS_Second_Board_CubeMX ****
make -j16 all 
arm-none-eabi-size   EVMS_Second_Board_CubeMX.elf 
   text	   data	    bss	    dec	    hex	filename
  13748	     20	   1716	  15484	   3c7c	EVMS_Second_Board_CubeMX.elf
Finished building: default.size.stdout
 
