../Core/Src/EVMS.c:43:10:uint16_t_Read_APPS1	0	static
../Core/Src/EVMS.c:62:10:uint16_t_Read_APPS2	0	static
../Core/Src/EVMS.c:83:6:Check_APPS	24	static
../Core/Src/EVMS.c:108:6:Check_Activasion_Logic	16	static
../Core/Src/EVMS.c:147:6:EVMS_Init	0	static
../Core/Src/EVMS.c:160:6:IDLE_Func	8	static
../Core/Src/EVMS.c:195:6:PRECHARGE_Func	8	static
../Core/Src/EVMS.c:244:6:NEUTRAL_Func	8	static
../Core/Src/EVMS.c:318:6:DRIVE_Func	24	static
../Core/Src/EVMS.c:388:6:DISCHARGE_Func	8	static
../Core/Src/EVMS.c:444:6:loop	8	static
../Core/Src/EVMS.c:484:6:ErrorAction	8	static
