../BluePill Drivers/CURT_NVIC/CURT_NVIC_sources/NVIC_source.c:48:6:NVIC_enableInterrupts	4	static,ignoring_inline_asm
../BluePill Drivers/CURT_NVIC/CURT_NVIC_sources/NVIC_source.c:52:6:NVIC_disableInterrupts	4	static,ignoring_inline_asm
../BluePill Drivers/CURT_NVIC/CURT_NVIC_sources/NVIC_source.c:56:6:NVIC_init	16	static
../BluePill Drivers/CURT_NVIC/CURT_NVIC_sources/NVIC_source.c:72:6:NVIC_setPriorityGrouping	24	static
../BluePill Drivers/CURT_NVIC/CURT_NVIC_sources/NVIC_source.c:85:6:NVIC_enableIRQ	16	static
../BluePill Drivers/CURT_NVIC/CURT_NVIC_sources/NVIC_source.c:93:6:NVIC_disableIRQ	16	static
../BluePill Drivers/CURT_NVIC/CURT_NVIC_sources/NVIC_source.c:101:5:getEnableIRQ	16	static
../BluePill Drivers/CURT_NVIC/CURT_NVIC_sources/NVIC_source.c:110:5:getActiveIRQ	16	static
../BluePill Drivers/CURT_NVIC/CURT_NVIC_sources/NVIC_source.c:119:6:NVIC_setPriority	16	static
../BluePill Drivers/CURT_NVIC/CURT_NVIC_sources/NVIC_source.c:155:5:NVIC_getPriority	16	static
../BluePill Drivers/CURT_NVIC/CURT_NVIC_sources/NVIC_source.c:171:6:NVIC_setPendingIRQ	16	static
../BluePill Drivers/CURT_NVIC/CURT_NVIC_sources/NVIC_source.c:184:5:NVIC_getPendingIRQ	16	static
../BluePill Drivers/CURT_NVIC/CURT_NVIC_sources/NVIC_source.c:193:6:NVIC_clearPendingIRQ	16	static
